Archive member included to satisfy reference by file (symbol)

C:/ST/STM32CubeIDE_1.18.0/STM32CubeIDE/plugins/com.st.stm32cube.ide.mcu.externaltools.gnu-tools-for-stm32.13.3.rel1.win32_1.0.0.202411081344/tools/bin/../lib/gcc/arm-none-eabi/13.3.1/../../../../arm-none-eabi/lib/thumb/v7e-m+fp/hard\libc_nano.a(libc_a-exit.o)
                              C:/ST/STM32CubeIDE_1.18.0/STM32CubeIDE/plugins/com.st.stm32cube.ide.mcu.externaltools.gnu-tools-for-stm32.13.3.rel1.win32_1.0.0.202411081344/tools/bin/../lib/gcc/arm-none-eabi/13.3.1/../../../../arm-none-eabi/lib/thumb/v7e-m+fp/hard/crt0.o (exit)
C:/ST/STM32CubeIDE_1.18.0/STM32CubeIDE/plugins/com.st.stm32cube.ide.mcu.externaltools.gnu-tools-for-stm32.13.3.rel1.win32_1.0.0.202411081344/tools/bin/../lib/gcc/arm-none-eabi/13.3.1/../../../../arm-none-eabi/lib/thumb/v7e-m+fp/hard\libc_nano.a(libc_a-findfp.o)
                              C:/ST/STM32CubeIDE_1.18.0/STM32CubeIDE/plugins/com.st.stm32cube.ide.mcu.externaltools.gnu-tools-for-stm32.13.3.rel1.win32_1.0.0.202411081344/tools/bin/../lib/gcc/arm-none-eabi/13.3.1/../../../../arm-none-eabi/lib/thumb/v7e-m+fp/hard\libc_nano.a(libc_a-exit.o) (__stdio_exit_handler)
C:/ST/STM32CubeIDE_1.18.0/STM32CubeIDE/plugins/com.st.stm32cube.ide.mcu.externaltools.gnu-tools-for-stm32.13.3.rel1.win32_1.0.0.202411081344/tools/bin/../lib/gcc/arm-none-eabi/13.3.1/../../../../arm-none-eabi/lib/thumb/v7e-m+fp/hard\libc_nano.a(libc_a-fwalk.o)
                              C:/ST/STM32CubeIDE_1.18.0/STM32CubeIDE/plugins/com.st.stm32cube.ide.mcu.externaltools.gnu-tools-for-stm32.13.3.rel1.win32_1.0.0.202411081344/tools/bin/../lib/gcc/arm-none-eabi/13.3.1/../../../../arm-none-eabi/lib/thumb/v7e-m+fp/hard\libc_nano.a(libc_a-findfp.o) (_fwalk_sglue)
C:/ST/STM32CubeIDE_1.18.0/STM32CubeIDE/plugins/com.st.stm32cube.ide.mcu.externaltools.gnu-tools-for-stm32.13.3.rel1.win32_1.0.0.202411081344/tools/bin/../lib/gcc/arm-none-eabi/13.3.1/../../../../arm-none-eabi/lib/thumb/v7e-m+fp/hard\libc_nano.a(libc_a-stdio.o)
                              C:/ST/STM32CubeIDE_1.18.0/STM32CubeIDE/plugins/com.st.stm32cube.ide.mcu.externaltools.gnu-tools-for-stm32.13.3.rel1.win32_1.0.0.202411081344/tools/bin/../lib/gcc/arm-none-eabi/13.3.1/../../../../arm-none-eabi/lib/thumb/v7e-m+fp/hard\libc_nano.a(libc_a-findfp.o) (__sread)
C:/ST/STM32CubeIDE_1.18.0/STM32CubeIDE/plugins/com.st.stm32cube.ide.mcu.externaltools.gnu-tools-for-stm32.13.3.rel1.win32_1.0.0.202411081344/tools/bin/../lib/gcc/arm-none-eabi/13.3.1/../../../../arm-none-eabi/lib/thumb/v7e-m+fp/hard\libc_nano.a(libc_a-vsnprintf.o)
                              ./App/utils/uart/uart.o (vsnprintf)
C:/ST/STM32CubeIDE_1.18.0/STM32CubeIDE/plugins/com.st.stm32cube.ide.mcu.externaltools.gnu-tools-for-stm32.13.3.rel1.win32_1.0.0.202411081344/tools/bin/../lib/gcc/arm-none-eabi/13.3.1/../../../../arm-none-eabi/lib/thumb/v7e-m+fp/hard\libc_nano.a(libc_a-memset.o)
                              C:/ST/STM32CubeIDE_1.18.0/STM32CubeIDE/plugins/com.st.stm32cube.ide.mcu.externaltools.gnu-tools-for-stm32.13.3.rel1.win32_1.0.0.202411081344/tools/bin/../lib/gcc/arm-none-eabi/13.3.1/../../../../arm-none-eabi/lib/thumb/v7e-m+fp/hard/crt0.o (memset)
C:/ST/STM32CubeIDE_1.18.0/STM32CubeIDE/plugins/com.st.stm32cube.ide.mcu.externaltools.gnu-tools-for-stm32.13.3.rel1.win32_1.0.0.202411081344/tools/bin/../lib/gcc/arm-none-eabi/13.3.1/../../../../arm-none-eabi/lib/thumb/v7e-m+fp/hard\libc_nano.a(libc_a-closer.o)
                              C:/ST/STM32CubeIDE_1.18.0/STM32CubeIDE/plugins/com.st.stm32cube.ide.mcu.externaltools.gnu-tools-for-stm32.13.3.rel1.win32_1.0.0.202411081344/tools/bin/../lib/gcc/arm-none-eabi/13.3.1/../../../../arm-none-eabi/lib/thumb/v7e-m+fp/hard\libc_nano.a(libc_a-stdio.o) (_close_r)
C:/ST/STM32CubeIDE_1.18.0/STM32CubeIDE/plugins/com.st.stm32cube.ide.mcu.externaltools.gnu-tools-for-stm32.13.3.rel1.win32_1.0.0.202411081344/tools/bin/../lib/gcc/arm-none-eabi/13.3.1/../../../../arm-none-eabi/lib/thumb/v7e-m+fp/hard\libc_nano.a(libc_a-reent.o)
                              C:/ST/STM32CubeIDE_1.18.0/STM32CubeIDE/plugins/com.st.stm32cube.ide.mcu.externaltools.gnu-tools-for-stm32.13.3.rel1.win32_1.0.0.202411081344/tools/bin/../lib/gcc/arm-none-eabi/13.3.1/../../../../arm-none-eabi/lib/thumb/v7e-m+fp/hard\libc_nano.a(libc_a-closer.o) (errno)
C:/ST/STM32CubeIDE_1.18.0/STM32CubeIDE/plugins/com.st.stm32cube.ide.mcu.externaltools.gnu-tools-for-stm32.13.3.rel1.win32_1.0.0.202411081344/tools/bin/../lib/gcc/arm-none-eabi/13.3.1/../../../../arm-none-eabi/lib/thumb/v7e-m+fp/hard\libc_nano.a(libc_a-impure.o)
                              C:/ST/STM32CubeIDE_1.18.0/STM32CubeIDE/plugins/com.st.stm32cube.ide.mcu.externaltools.gnu-tools-for-stm32.13.3.rel1.win32_1.0.0.202411081344/tools/bin/../lib/gcc/arm-none-eabi/13.3.1/../../../../arm-none-eabi/lib/thumb/v7e-m+fp/hard\libc_nano.a(libc_a-vsnprintf.o) (_impure_ptr)
[...]
Memory Configuration

Name             Origin             Length             Attributes
RAM              0x20000000         0x00020000         xrw
FLASH            0x08000000         0x00080000         xr
*default*        0x00000000         0xffffffff

Linker script and memory map

LOAD C:/ST/STM32CubeIDE_1.18.0/STM32CubeIDE/plugins/com.st.stm32cube.ide.mcu.externaltools.gnu-tools-for-stm32.13.3.rel1.win32_1.0.0.202411081344/tools/bin/../lib/gcc/arm-none-eabi/13.3.1/thumb/v7e-m+fp/hard/crti.o
LOAD C:/ST/STM32CubeIDE_1.18.0/STM32CubeIDE/plugins/com.st.stm32cube.ide.mcu.externaltools.gnu-tools-for-stm32.13.3.rel1.win32_1.0.0.202411081344/tools/bin/../lib/gcc/arm-none-eabi/13.3.1/thumb/v7e-m+fp/hard/crtbegin.o
LOAD C:/ST/STM32CubeIDE_1.18.0/STM32CubeIDE/plugins/com.st.stm32cube.ide.mcu.externaltools.gnu-tools-for-stm32.13.3.rel1.win32_1.0.0.202411081344/tools/bin/../lib/gcc/arm-none-eabi/13.3.1/../../../../arm-none-eabi/lib/thumb/v7e-m+fp/hard/crt0.o
LOAD ./App/bsp/bsp.o
LOAD ./App/bsp/gpio/bsp_gpio.o
LOAD ./App/bsp/servo/bsp_servo.o
LOAD ./App/src/ap.o
LOAD ./App/utils/esp01/esp01.o
LOAD ./App/utils/gpio/gpio.o
LOAD ./App/utils/led/led.o
LOAD ./App/utils/servo/servo.o
LOAD ./App/utils/uart/uart.o
LOAD ./Core/Src/main.o
LOAD ./Core/Src/stm32f4xx_hal_msp.o
LOAD ./Core/Src/stm32f4xx_it.o
LOAD ./Core/Src/syscalls.o
LOAD ./Core/Src/sysmem.o
LOAD ./Core/Src/system_stm32f4xx.o
LOAD ./Core/Startup/startup_stm32f411ceux.o
LOAD ./Drivers/STM32F4xx_HAL_Driver/Src/stm32f4xx_hal.o
LOAD ./Drivers/STM32F4xx_HAL_Driver/Src/stm32f4xx_hal_cortex.o
LOAD ./Drivers/STM32F4xx_HAL_Driver/Src/stm32f4xx_hal_dma.o
LOAD ./Drivers/STM32F4xx_HAL_Driver/Src/stm32f4xx_hal_dma_ex.o
LOAD ./Drivers/STM32F4xx_HAL_Driver/Src/stm32f4xx_hal_exti.o
LOAD ./Drivers/STM32F4xx_HAL_Driver/Src/stm32f4xx_hal_flash.o
LOAD ./Drivers/STM32F4xx_HAL_Driver/Src/stm32f4xx_hal_flash_ex.o
LOAD ./Drivers/STM32F4xx_HAL_Driver/Src/stm32f4xx_hal_flash_ramfunc.o
LOAD ./Drivers/STM32F4xx_HAL_Driver/Src/stm32f4xx_hal_gpio.o
LOAD ./Drivers/STM32F4xx_HAL_Driver/Src/stm32f4xx_hal_pwr.o
LOAD ./Drivers/STM32F4xx_HAL_Driver/Src/stm32f4xx_hal_pwr_ex.o
LOAD ./Drivers/STM32F4xx_HAL_Driver/Src/stm32f4xx_hal_rcc.o
LOAD ./Drivers/STM32F4xx_HAL_Driver/Src/stm32f4xx_hal_rcc_ex.o
LOAD ./Drivers/STM32F4xx_HAL_Driver/Src/stm32f4xx_hal_tim.o
LOAD ./Drivers/STM32F4xx_HAL_Driver/Src/stm32f4xx_hal_tim_ex.o
LOAD ./Drivers/STM32F4xx_HAL_Driver/Src/stm32f4xx_hal_uart.o
START GROUP
LOAD C:/ST/STM32CubeIDE_1.18.0/STM32CubeIDE/plugins/com.st.stm32cube.ide.mcu.externaltools.gnu-tools-for-stm32.13.3.rel1.win32_1.0.0.202411081344/tools/bin/../lib/gcc/arm-none-eabi/13.3.1/../../../../arm-none-eabi/lib/thumb/v7e-m+fp/hard\libc_nano.a
LOAD C:/ST/STM32CubeIDE_1.18.0/STM32CubeIDE/plugins/com.st.stm32cube.ide.mcu.externaltools.gnu-tools-for-stm32.13.3.rel1.win32_1.0.0.202411081344/tools/bin/../lib/gcc/arm-none-eabi/13.3.1/../../../../arm-none-eabi/lib/thumb/v7e-m+fp/hard\libm.a
END GROUP
START GROUP
LOAD C:/ST/STM32CubeIDE_1.18.0/STM32CubeIDE/plugins/com.st.stm32cube.ide.mcu.externaltools.gnu-tools-for-stm32.13.3.rel1.win32_1.0.0.202411081344/tools/bin/../lib/gcc/arm-none-eabi/13.3.1/thumb/v7e-m+fp/hard\libgcc.a
LOAD C:/ST/STM32CubeIDE_1.18.0/STM32CubeIDE/plugins/com.st.stm32cube.ide.mcu.externaltools.gnu-tools-for-stm32.13.3.rel1.win32_1.0.0.202411081344/tools/bin/../lib/gcc/arm-none-eabi/13.3.1/../../../../arm-none-eabi/lib/thumb/v7e-m+fp/hard\libc_nano.a
END GROUP
START GROUP
LOAD C:/ST/STM32CubeIDE_1.18.0/STM32CubeIDE/plugins/com.st.stm32cube.ide.mcu.externaltools.gnu-tools-for-stm32.13.3.rel1.win32_1.0.0.202411081344/tools/bin/../lib/gcc/arm-none-eabi/13.3.1/thumb/v7e-m+fp/hard\libgcc.a
LOAD C:/ST/STM32CubeIDE_1.18.0/STM32CubeIDE/plugins/com.st.stm32cube.ide.mcu.externaltools.gnu-tools-for-stm32.13.3.rel1.win32_1.0.0.202411081344/tools/bin/../lib/gcc/arm-none-eabi/13.3.1/../../../../arm-none-eabi/lib/thumb/v7e-m+fp/hard\libc_nano.a
LOAD C:/ST/STM32CubeIDE_1.18.0/STM32CubeIDE/plugins/com.st.stm32cube.ide.mcu.externaltools.gnu-tools-for-stm32.13.3.rel1.win32_1.0.0.202411081344/tools/bin/../lib/gcc/arm-none-eabi/13.3.1/../../../../arm-none-eabi/lib/thumb/v7e-m+fp/hard\libnosys.a
END GROUP
START GROUP
LOAD C:/ST/STM32CubeIDE_1.18.0/STM32CubeIDE/plugins/com.st.stm32cube.ide.mcu.externaltools.gnu-tools-for-stm32.13.3.rel1.win32_1.0.0.202411081344/tools/bin/../lib/gcc/arm-none-eabi/13.3.1/thumb/v7e-m+fp/hard\libgcc.a
LOAD C:/ST/STM32CubeIDE_1.18.0/STM32CubeIDE/plugins/com.st.stm32cube.ide.mcu.externaltools.gnu-tools-for-stm32.13.3.rel1.win32_1.0.0.202411081344/tools/bin/../lib/gcc/arm-none-eabi/13.3.1/../../../../arm-none-eabi/lib/thumb/v7e-m+fp/hard\libc_nano.a
LOAD C:/ST/STM32CubeIDE_1.18.0/STM32CubeIDE/plugins/com.st.stm32cube.ide.mcu.externaltools.gnu-tools-for-stm32.13.3.rel1.win32_1.0.0.202411081344/tools/bin/../lib/gcc/arm-none-eabi/13.3.1/../../../../arm-none-eabi/lib/thumb/v7e-m+fp/hard\libnosys.a
END GROUP
LOAD C:/ST/STM32CubeIDE_1.18.0/STM32CubeIDE/plugins/com.st.stm32cube.ide.mcu.externaltools.gnu-tools-for-stm32.13.3.rel1.win32_1.0.0.202411081344/tools/bin/../lib/gcc/arm-none-eabi/13.3.1/thumb/v7e-m+fp/hard/crtend.o
LOAD C:/ST/STM32CubeIDE_1.18.0/STM32CubeIDE/plugins/com.st.stm32cube.ide.mcu.externaltools.gnu-tools-for-stm32.13.3.rel1.win32_1.0.0.202411081344/tools/bin/../lib/gcc/arm-none-eabi/13.3.1/thumb/v7e-m+fp/hard/crtn.o
                0x20020000                        _estack = (ORIGIN (RAM) + LENGTH (RAM))
                0x00000200                        _Min_Heap_Size = 0x200
                0x00000400                        _Min_Stack_Size = 0x400

.isr_vector     0x08000000      0x198
                0x08000000                        . = ALIGN (0x4)
 *(.isr_vector)
 .isr_vector    0x08000000      0x198 ./Core/Startup/startup_stm32f411ceux.o
                0x08000000                g_pfnVectors
                0x08000198                        . = ALIGN (0x4)

.text           0x080001a0     0x41c4
                0x080001a0                        . = ALIGN (0x4)
 *(.text)
 .text          0x080001a0       0x40 C:/ST/STM32CubeIDE_1.18.0/STM32CubeIDE/plugins/com.st.stm32cube.ide.mcu.externaltools.gnu-tools-for-stm32.13.3.rel1.win32_1.0.0.202411081344/tools/bin/../lib/gcc/arm-none-eabi/13.3.1/thumb/v7e-m+fp/hard/crtbegin.o
 .text          0x080001e0       0xa0 C:/ST/STM32CubeIDE_1.18.0/STM32CubeIDE/plugins/com.st.stm32cube.ide.mcu.externaltools.gnu-tools-for-stm32.13.3.rel1.win32_1.0.0.202411081344/tools/bin/../lib/gcc/arm-none-eabi/13.3.1/../../../../arm-none-eabi/lib/thumb/v7e-m+fp/hard\libc_nano.a(libc_a-memchr.o)
                0x080001e0                memchr
 .text          0x08000280       0x30 C:/ST/STM32CubeIDE_1.18.0/STM32CubeIDE/plugins/com.st.stm32cube.ide.mcu.externaltools.gnu-tools-for-stm32.13.3.rel1.win32_1.0.0.202411081344/tools/bin/../lib/gcc/arm-none-eabi/13.3.1/thumb/v7e-m+fp/hard\libgcc.a(_aeabi_uldivmod.o)
                0x08000280                __aeabi_uldivmod
 .text          0x080002b0      0x2f8 C:/ST/STM32CubeIDE_1.18.0/STM32CubeIDE/plugins/com.st.stm32cube.ide.mcu.externaltools.gnu-tools-for-stm32.13.3.rel1.win32_1.0.0.202411081344/tools/bin/../lib/gcc/arm-none-eabi/13.3.1/thumb/v7e-m+fp/hard\libgcc.a(_udivmoddi4.o)
                0x080002b0                __udivmoddi4
 .text          0x080005a8        0x4 C:/ST/STM32CubeIDE_1.18.0/STM32CubeIDE/plugins/com.st.stm32cube.ide.mcu.externaltools.gnu-tools-for-stm32.13.3.rel1.win32_1.0.0.202411081344/tools/bin/../lib/gcc/arm-none-eabi/13.3.1/thumb/v7e-m+fp/hard\libgcc.a(_dvmd_tls.o)
                0x080005a8                __aeabi_idiv0
                0x080005a8                __aeabi_ldiv0
 *(.text*)
 .text.bspInit  0x080005ac       0x2c ./App/bsp/bsp.o
                0x080005ac                bspInit
 .text.bspGpioInit
                0x080005d8       0x14 ./App/bsp/gpio/bsp_gpio.o
                0x080005d8                bspGpioInit
 .text.bspServoInit
                0x080005ec       0x18 ./App/bsp/servo/bsp_servo.o
                0x080005ec                bspServoInit
 .text.apInit   0x08000604       0x36 ./App/src/ap.o
                0x08000604                apInit
 *fill*         0x0800063a        0x2 
 .text.apMain   0x0800063c       0x1c ./App/src/ap.o
                0x0800063c                apMain
 .text.gpioInit
                0x08000658       0x90 ./App/utils/gpio/gpio.o
                0x08000658                gpioInit
 .text.gpioWrite
                0x080006e8       0x80 ./App/utils/gpio/gpio.o
                0x080006e8                gpioWrite
 .text.gpioIsValidChannel
                0x08000768       0x48 ./App/utils/gpio/gpio.o
 .text.gpioGetOnState
                0x080007b0       0x2c ./App/utils/gpio/gpio.o
 .text.gpioGetOffState
                0x080007dc       0x38 ./App/utils/gpio/gpio.o
 .text.servoInit
                0x08000814       0xbc ./App/utils/servo/servo.o
                0x08000814                servoInit
 .text.servoIsValidChannel
                0x080008d0       0x2c ./App/utils/servo/servo.o
 .text.servoClampAngle
                0x080008fc       0x64 ./App/utils/servo/servo.o
 .text.servoStart
                0x08000960       0x9c ./App/utils/servo/servo.o
                0x08000960                servoStart
 .text.servoSetAngle
                0x080009fc       0xb8 ./App/utils/servo/servo.o
                0x080009fc                servoSetAngle
 .text.servoSetPulseUs
                0x08000ab4      0x130 ./App/utils/servo/servo.o
                0x08000ab4                servoSetPulseUs
 .text.servoMoveCenter
                0x08000be4       0x48 ./App/utils/servo/servo.o
                0x08000be4                servoMoveCenter
 .text.servoAngleToPulseUs
                0x08000c2c       0x90 ./App/utils/servo/servo.o
 .text.servoPulseUsToTick
                0x08000cbc       0x74 ./App/utils/servo/servo.o
 .text.uartInit
                0x08000d30       0x3c ./App/utils/uart/uart.o
                0x08000d30                uartInit
 .text.uartWrite
                0x08000d6c       0x74 ./App/utils/uart/uart.o
                0x08000d6c                uartWrite
 .text.uartPrintf
                0x08000de0       0x72 ./App/utils/uart/uart.o
                0x08000de0                uartPrintf
 .text.main     0x08000e52       0x2a ./Core/Src/main.o
                0x08000e52                main
 .text.SystemClock_Config
                0x08000e7c       0xd0 ./Core/Src/main.o
                0x08000e7c                SystemClock_Config
 .text.MX_TIM3_Init
                0x08000f4c       0xc8 ./Core/Src/main.o
 .text.MX_USART1_UART_Init
                0x08001014       0x54 ./Core/Src/main.o
 .text.MX_USART2_UART_Init
                0x08001068       0x54 ./Core/Src/main.o
 .text.MX_GPIO_Init
                0x080010bc      0x104 ./Core/Src/main.o
 .text.Error_Handler
                0x080011c0        0xc ./Core/Src/main.o
                0x080011c0                Error_Handler
 .text.HAL_MspInit
                0x080011cc       0x50 ./Core/Src/stm32f4xx_hal_msp.o
                0x080011cc                HAL_MspInit
 .text.HAL_TIM_PWM_MspInit
                0x0800121c       0x44 ./Core/Src/stm32f4xx_hal_msp.o
                0x0800121c                HAL_TIM_PWM_MspInit
 .text.HAL_TIM_MspPostInit
                0x08001260       0x74 ./Core/Src/stm32f4xx_hal_msp.o
                0x08001260                HAL_TIM_MspPostInit
 .text.HAL_UART_MspInit
                0x080012d4       0xf8 ./Core/Src/stm32f4xx_hal_msp.o
                0x080012d4                HAL_UART_MspInit
 .text.NMI_Handler
                0x080013cc        0x8 ./Core/Src/stm32f4xx_it.o
                0x080013cc                NMI_Handler
 .text.HardFault_Handler
                0x080013d4        0x8 ./Core/Src/stm32f4xx_it.o
                0x080013d4                HardFault_Handler
 .text.MemManage_Handler
                0x080013dc        0x8 ./Core/Src/stm32f4xx_it.o
                0x080013dc                MemManage_Handler
 .text.BusFault_Handler
                0x080013e4        0x8 ./Core/Src/stm32f4xx_it.o
                0x080013e4                BusFault_Handler
 .text.UsageFault_Handler
                0x080013ec        0x8 ./Core/Src/stm32f4xx_it.o
                0x080013ec                UsageFault_Handler
 .text.SVC_Handler
                0x080013f4        0xe ./Core/Src/stm32f4xx_it.o
                0x080013f4                SVC_Handler
 .text.DebugMon_Handler
                0x08001402        0xe ./Core/Src/stm32f4xx_it.o
                0x08001402                DebugMon_Handler
 .text.PendSV_Handler
                0x08001410        0xe ./Core/Src/stm32f4xx_it.o
                0x08001410                PendSV_Handler
 .text.SysTick_Handler
                0x0800141e        0xc ./Core/Src/stm32f4xx_it.o
                0x0800141e                SysTick_Handler
 *fill*         0x0800142a        0x2 
 .text._sbrk    0x0800142c       0x6c ./Core/Src/sysmem.o
                0x0800142c                _sbrk
 .text.SystemInit
                0x08001498       0x24 ./Core/Src/system_stm32f4xx.o
                0x08001498                SystemInit
 .text.Reset_Handler
                0x080014bc       0x50 ./Core/Startup/startup_stm32f411ceux.o
                0x080014bc                Reset_Handler
 .text.Default_Handler
                0x0800150c        0x2 ./Core/Startup/startup_stm32f411ceux.o
                0x0800150c                RTC_Alarm_IRQHandler
                0x0800150c                EXTI2_IRQHandler
                0x0800150c                SPI4_IRQHandler
                0x0800150c                TIM1_CC_IRQHandler
                0x0800150c                DMA2_Stream5_IRQHandler
                0x0800150c                DMA1_Stream5_IRQHandler
                0x0800150c                PVD_IRQHandler
                0x0800150c                SDIO_IRQHandler
                0x0800150c                TAMP_STAMP_IRQHandler
                0x0800150c                EXTI3_IRQHandler
                0x0800150c                TIM1_UP_TIM10_IRQHandler
                0x0800150c                I2C3_ER_IRQHandler
                0x0800150c                EXTI0_IRQHandler
                0x0800150c                I2C2_EV_IRQHandler
                0x0800150c                DMA1_Stream2_IRQHandler
                0x0800150c                FPU_IRQHandler
                0x0800150c                DMA2_Stream2_IRQHandler
                0x0800150c                SPI1_IRQHandler
                0x0800150c                TIM1_BRK_TIM9_IRQHandler
                0x0800150c                DMA2_Stream3_IRQHandler
                0x0800150c                USART6_IRQHandler
                0x0800150c                DMA2_Stream0_IRQHandler
                0x0800150c                TIM4_IRQHandler
                0x0800150c                I2C1_EV_IRQHandler
                0x0800150c                DMA1_Stream6_IRQHandler
                0x0800150c                DMA1_Stream1_IRQHandler
                0x0800150c                TIM3_IRQHandler
                0x0800150c                RCC_IRQHandler
                0x0800150c                Default_Handler
                0x0800150c                EXTI15_10_IRQHandler
                0x0800150c                ADC_IRQHandler
                0x0800150c                DMA1_Stream7_IRQHandler
                0x0800150c                SPI5_IRQHandler
                0x0800150c                TIM5_IRQHandler
                0x0800150c                DMA2_Stream7_IRQHandler
                0x0800150c                I2C3_EV_IRQHandler
                0x0800150c                EXTI9_5_IRQHandler
                0x0800150c                RTC_WKUP_IRQHandler
                0x0800150c                SPI2_IRQHandler
                0x0800150c                DMA1_Stream0_IRQHandler
                0x0800150c                EXTI4_IRQHandler
                0x0800150c                WWDG_IRQHandler
                0x0800150c                TIM2_IRQHandler
                0x0800150c                OTG_FS_WKUP_IRQHandler
                0x0800150c                TIM1_TRG_COM_TIM11_IRQHandler
                0x0800150c                EXTI1_IRQHandler
                0x0800150c                USART2_IRQHandler
                0x0800150c                I2C2_ER_IRQHandler
                0x0800150c                DMA2_Stream1_IRQHandler
                0x0800150c                FLASH_IRQHandler
                0x0800150c                DMA2_Stream4_IRQHandler
                0x0800150c                USART1_IRQHandler
                0x0800150c                OTG_FS_IRQHandler
                0x0800150c                SPI3_IRQHandler
                0x0800150c                DMA1_Stream4_IRQHandler
                0x0800150c                I2C1_ER_IRQHandler
                0x0800150c                DMA2_Stream6_IRQHandler
                0x0800150c                DMA1_Stream3_IRQHandler
 *fill*         0x0800150e        0x2 
 .text.HAL_Init
                0x08001510       0x44 ./Drivers/STM32F4xx_HAL_Driver/Src/stm32f4xx_hal.o
                0x08001510                HAL_Init
 .text.HAL_InitTick
                0x08001554       0x60 ./Drivers/STM32F4xx_HAL_Driver/Src/stm32f4xx_hal.o
                0x08001554                HAL_InitTick
 .text.HAL_IncTick
                0x080015b4       0x28 ./Drivers/STM32F4xx_HAL_Driver/Src/stm32f4xx_hal.o
                0x080015b4                HAL_IncTick
 .text.HAL_GetTick
                0x080015dc       0x18 ./Drivers/STM32F4xx_HAL_Driver/Src/stm32f4xx_hal.o
                0x080015dc                HAL_GetTick
 .text.__NVIC_SetPriorityGrouping
                0x080015f4       0x48 ./Drivers/STM32F4xx_HAL_Driver/Src/stm32f4xx_hal_cortex.o
 .text.__NVIC_GetPriorityGrouping
                0x0800163c       0x1c ./Drivers/STM32F4xx_HAL_Driver/Src/stm32f4xx_hal_cortex.o
 .text.__NVIC_SetPriority
                0x08001658       0x54 ./Drivers/STM32F4xx_HAL_Driver/Src/stm32f4xx_hal_cortex.o
 .text.NVIC_EncodePriority
                0x080016ac       0x66 ./Drivers/STM32F4xx_HAL_Driver/Src/stm32f4xx_hal_cortex.o
 *fill*         0x08001712        0x2 
 .text.SysTick_Config
                0x08001714       0x44 ./Drivers/STM32F4xx_HAL_Driver/Src/stm32f4xx_hal_cortex.o
 .text.HAL_NVIC_SetPriorityGrouping
                0x08001758       0x16 ./Drivers/STM32F4xx_HAL_Driver/Src/stm32f4xx_hal_cortex.o
                0x08001758                HAL_NVIC_SetPriorityGrouping
 .text.HAL_NVIC_SetPriority
                0x0800176e       0x38 ./Drivers/STM32F4xx_HAL_Driver/Src/stm32f4xx_hal_cortex.o
                0x0800176e                HAL_NVIC_SetPriority
 .text.HAL_SYSTICK_Config
                0x080017a6       0x18 ./Drivers/STM32F4xx_HAL_Driver/Src/stm32f4xx_hal_cortex.o
                0x080017a6                HAL_SYSTICK_Config
 .text.HAL_DMA_Start_IT
                0x080017be       0xb0 ./Drivers/STM32F4xx_HAL_Driver/Src/stm32f4xx_hal_dma.o
                0x080017be                HAL_DMA_Start_IT
 .text.DMA_SetConfig
                0x0800186e       0x5c ./Drivers/STM32F4xx_HAL_Driver/Src/stm32f4xx_hal_dma.o
 *fill*         0x080018ca        0x2 
 .text.HAL_GPIO_Init
                0x080018cc      0x308 ./Drivers/STM32F4xx_HAL_Driver/Src/stm32f4xx_hal_gpio.o
                0x080018cc                HAL_GPIO_Init
 .text.HAL_GPIO_WritePin
                0x08001bd4       0x32 ./Drivers/STM32F4xx_HAL_Driver/Src/stm32f4xx_hal_gpio.o
                0x08001bd4                HAL_GPIO_WritePin
 *fill*         0x08001c06        0x2 
 .text.HAL_RCC_OscConfig
                0x08001c08      0x4f0 ./Drivers/STM32F4xx_HAL_Driver/Src/stm32f4xx_hal_rcc.o
                0x08001c08                HAL_RCC_OscConfig
 .text.HAL_RCC_ClockConfig
                0x080020f8      0x1cc ./Drivers/STM32F4xx_HAL_Driver/Src/stm32f4xx_hal_rcc.o
                0x080020f8                HAL_RCC_ClockConfig
 .text.HAL_RCC_GetSysClockFreq
                0x080022c4      0x18c ./Drivers/STM32F4xx_HAL_Driver/Src/stm32f4xx_hal_rcc.o
                0x080022c4                HAL_RCC_GetSysClockFreq
 .text.HAL_RCC_GetHCLKFreq
                0x08002450       0x18 ./Drivers/STM32F4xx_HAL_Driver/Src/stm32f4xx_hal_rcc.o
                0x08002450                HAL_RCC_GetHCLKFreq
 .text.HAL_RCC_GetPCLK1Freq
                0x08002468       0x28 ./Drivers/STM32F4xx_HAL_Driver/Src/stm32f4xx_hal_rcc.o
                0x08002468                HAL_RCC_GetPCLK1Freq
 .text.HAL_RCC_GetPCLK2Freq
                0x08002490       0x28 ./Drivers/STM32F4xx_HAL_Driver/Src/stm32f4xx_hal_rcc.o
                0x08002490                HAL_RCC_GetPCLK2Freq
 .text.HAL_TIM_PWM_Init
                0x080024b8       0x9e ./Drivers/STM32F4xx_HAL_Driver/Src/stm32f4xx_hal_tim.o
                0x080024b8                HAL_TIM_PWM_Init
 *fill*         0x08002556        0x2 
 .text.HAL_TIM_PWM_Start
                0x08002558      0x160 ./Drivers/STM32F4xx_HAL_Driver/Src/stm32f4xx_hal_tim.o
                0x08002558                HAL_TIM_PWM_Start
 .text.HAL_TIM_PWM_ConfigChannel
                0x080026b8      0x184 ./Drivers/STM32F4xx_HAL_Driver/Src/stm32f4xx_hal_tim.o
                0x080026b8                HAL_TIM_PWM_ConfigChannel
 .text.TIM_Base_SetConfig
                0x0800283c      0x10c ./Drivers/STM32F4xx_HAL_Driver/Src/stm32f4xx_hal_tim.o
                0x0800283c                TIM_Base_SetConfig
 .text.TIM_OC1_SetConfig
                0x08002948       0xcc ./Drivers/STM32F4xx_HAL_Driver/Src/stm32f4xx_hal_tim.o
 .text.TIM_OC2_SetConfig
                0x08002a14       0xd8 ./Drivers/STM32F4xx_HAL_Driver/Src/stm32f4xx_hal_tim.o
                0x08002a14                TIM_OC2_SetConfig
 .text.TIM_OC3_SetConfig
                0x08002aec       0xd4 ./Drivers/STM32F4xx_HAL_Driver/Src/stm32f4xx_hal_tim.o
 .text.TIM_OC4_SetConfig
                0x08002bc0       0xa0 ./Drivers/STM32F4xx_HAL_Driver/Src/stm32f4xx_hal_tim.o
 .text.TIM_CCxChannelCmd
                0x08002c60       0x4a ./Drivers/STM32F4xx_HAL_Driver/Src/stm32f4xx_hal_tim.o
                0x08002c60                TIM_CCxChannelCmd
 *fill*         0x08002caa        0x2 
 .text.HAL_TIMEx_MasterConfigSynchronization
                0x08002cac       0xdc ./Drivers/STM32F4xx_HAL_Driver/Src/stm32f4xx_hal_tim_ex.o
                0x08002cac                HAL_TIMEx_MasterConfigSynchronization
 .text.HAL_UART_Init
                0x08002d88       0xa0 ./Drivers/STM32F4xx_HAL_Driver/Src/stm32f4xx_hal_uart.o
                0x08002d88                HAL_UART_Init
 .text.HAL_UART_Transmit
                0x08002e28      0x116 ./Drivers/STM32F4xx_HAL_Driver/Src/stm32f4xx_hal_uart.o
                0x08002e28                HAL_UART_Transmit
 .text.HAL_UART_Receive_DMA
                0x08002f3e       0x4a ./Drivers/STM32F4xx_HAL_Driver/Src/stm32f4xx_hal_uart.o
                0x08002f3e                HAL_UART_Receive_DMA
 .text.HAL_UART_RxCpltCallback
                0x08002f88       0x14 ./Drivers/STM32F4xx_HAL_Driver/Src/stm32f4xx_hal_uart.o
                0x08002f88                HAL_UART_RxCpltCallback
 .text.HAL_UART_RxHalfCpltCallback
                0x08002f9c       0x14 ./Drivers/STM32F4xx_HAL_Driver/Src/stm32f4xx_hal_uart.o
                0x08002f9c                HAL_UART_RxHalfCpltCallback
 .text.HAL_UART_ErrorCallback
                0x08002fb0       0x14 ./Drivers/STM32F4xx_HAL_Driver/Src/stm32f4xx_hal_uart.o
                0x08002fb0                HAL_UART_ErrorCallback
 .text.HAL_UARTEx_RxEventCallback
                0x08002fc4       0x18 ./Drivers/STM32F4xx_HAL_Driver/Src/stm32f4xx_hal_uart.o
                0x08002fc4                HAL_UARTEx_RxEventCallback
 .text.UART_DMAReceiveCplt
                0x08002fdc      0x12c ./Drivers/STM32F4xx_HAL_Driver/Src/stm32f4xx_hal_uart.o
 .text.UART_DMARxHalfCplt
                0x08003108       0x3c ./Drivers/STM32F4xx_HAL_Driver/Src/stm32f4xx_hal_uart.o
 .text.UART_DMAError
                0x08003144       0x94 ./Drivers/STM32F4xx_HAL_Driver/Src/stm32f4xx_hal_uart.o
 .text.UART_WaitOnFlagUntilTimeout
                0x080031d8       0xb2 ./Drivers/STM32F4xx_HAL_Driver/Src/stm32f4xx_hal_uart.o
 *fill*         0x0800328a        0x2 
 .text.UART_Start_Receive_DMA
                0x0800328c      0x14c ./Drivers/STM32F4xx_HAL_Driver/Src/stm32f4xx_hal_uart.o
                0x0800328c                UART_Start_Receive_DMA
 .text.UART_EndTxTransfer
                0x080033d8       0x50 ./Drivers/STM32F4xx_HAL_Driver/Src/stm32f4xx_hal_uart.o
 .text.UART_EndRxTransfer
                0x08003428       0xc6 ./Drivers/STM32F4xx_HAL_Driver/Src/stm32f4xx_hal_uart.o
 *fill*         0x080034ee        0x2 
 .text.UART_SetConfig
                0x080034f0      0x4e8 ./Drivers/STM32F4xx_HAL_Driver/Src/stm32f4xx_hal_uart.o
 .text._vsnprintf_r
                0x080039d8       0x5c C:/ST/STM32CubeIDE_1.18.0/STM32CubeIDE/plugins/com.st.stm32cube.ide.mcu.externaltools.gnu-tools-for-stm32.13.3.rel1.win32_1.0.0.202411081344/tools/bin/../lib/gcc/arm-none-eabi/13.3.1/../../../../arm-none-eabi/lib/thumb/v7e-m+fp/hard\libc_nano.a(libc_a-vsnprintf.o)
                0x080039d8                _vsniprintf_r
                0x080039d8                _vsnprintf_r
 .text.vsnprintf
                0x08003a34       0x1c C:/ST/STM32CubeIDE_1.18.0/STM32CubeIDE/plugins/com.st.stm32cube.ide.mcu.externaltools.gnu-tools-for-stm32.13.3.rel1.win32_1.0.0.202411081344/tools/bin/../lib/gcc/arm-none-eabi/13.3.1/../../../../arm-none-eabi/lib/thumb/v7e-m+fp/hard\libc_nano.a(libc_a-vsnprintf.o)
                0x08003a34                vsniprintf
                0x08003a34                vsnprintf
 .text.memset   0x08003a50       0x10 C:/ST/STM32CubeIDE_1.18.0/STM32CubeIDE/plugins/com.st.stm32cube.ide.mcu.externaltools.gnu-tools-for-stm32.13.3.rel1.win32_1.0.0.202411081344/tools/bin/../lib/gcc/arm-none-eabi/13.3.1/../../../../arm-none-eabi/lib/thumb/v7e-m+fp/hard\libc_nano.a(libc_a-memset.o)
                0x08003a50                memset
 .text.__errno  0x08003a60        0xc C:/ST/STM32CubeIDE_1.18.0/STM32CubeIDE/plugins/com.st.stm32cube.ide.mcu.externaltools.gnu-tools-for-stm32.13.3.rel1.win32_1.0.0.202411081344/tools/bin/../lib/gcc/arm-none-eabi/13.3.1/../../../../arm-none-eabi/lib/thumb/v7e-m+fp/hard\libc_nano.a(libc_a-errno.o)
                0x08003a60                __errno
 .text.__libc_init_array
                0x08003a6c       0x48 C:/ST/STM32CubeIDE_1.18.0/STM32CubeIDE/plugins/com.st.stm32cube.ide.mcu.externaltools.gnu-tools-for-stm32.13.3.rel1.win32_1.0.0.202411081344/tools/bin/../lib/gcc/arm-none-eabi/13.3.1/../../../../arm-none-eabi/lib/thumb/v7e-m+fp/hard\libc_nano.a(libc_a-init.o)
                0x08003a6c                __libc_init_array
 .text.__retarget_lock_acquire_recursive
                0x08003ab4        0x2 C:/ST/STM32CubeIDE_1.18.0/STM32CubeIDE/plugins/com.st.stm32cube.ide.mcu.externaltools.gnu-tools-for-stm32.13.3.rel1.win32_1.0.0.202411081344/tools/bin/../lib/gcc/arm-none-eabi/13.3.1/../../../../arm-none-eabi/lib/thumb/v7e-m+fp/hard\libc_nano.a(libc_a-lock.o)
                0x08003ab4                __retarget_lock_acquire_recursive
 .text.__retarget_lock_release_recursive
                0x08003ab6        0x2 C:/ST/STM32CubeIDE_1.18.0/STM32CubeIDE/plugins/com.st.stm32cube.ide.mcu.externaltools.gnu-tools-for-stm32.13.3.rel1.win32_1.0.0.202411081344/tools/bin/../lib/gcc/arm-none-eabi/13.3.1/../../../../arm-none-eabi/lib/thumb/v7e-m+fp/hard\libc_nano.a(libc_a-lock.o)
                0x08003ab6                __retarget_lock_release_recursive
 .text._free_r  0x08003ab8       0x94 C:/ST/STM32CubeIDE_1.18.0/STM32CubeIDE/plugins/com.st.stm32cube.ide.mcu.externaltools.gnu-tools-for-stm32.13.3.rel1.win32_1.0.0.202411081344/tools/bin/../lib/gcc/arm-none-eabi/13.3.1/../../../../arm-none-eabi/lib/thumb/v7e-m+fp/hard\libc_nano.a(libc_a-freer.o)
                0x08003ab8                _free_r
 .text.sbrk_aligned
                0x08003b4c       0x44 C:/ST/STM32CubeIDE_1.18.0/STM32CubeIDE/plugins/com.st.stm32cube.ide.mcu.externaltools.gnu-tools-for-stm32.13.3.rel1.win32_1.0.0.202411081344/tools/bin/../lib/gcc/arm-none-eabi/13.3.1/../../../../arm-none-eabi/lib/thumb/v7e-m+fp/hard\libc_nano.a(libc_a-mallocr.o)
 .text._malloc_r
                0x08003b90      0x100 C:/ST/STM32CubeIDE_1.18.0/STM32CubeIDE/plugins/com.st.stm32cube.ide.mcu.externaltools.gnu-tools-for-stm32.13.3.rel1.win32_1.0.0.202411081344/tools/bin/../lib/gcc/arm-none-eabi/13.3.1/../../../../arm-none-eabi/lib/thumb/v7e-m+fp/hard\libc_nano.a(libc_a-mallocr.o)
                0x08003b90                _malloc_r
 .text.__malloc_lock
                0x08003c90        0xc C:/ST/STM32CubeIDE_1.18.0/STM32CubeIDE/plugins/com.st.stm32cube.ide.mcu.externaltools.gnu-tools-for-stm32.13.3.rel1.win32_1.0.0.202411081344/tools/bin/../lib/gcc/arm-none-eabi/13.3.1/../../../../arm-none-eabi/lib/thumb/v7e-m+fp/hard\libc_nano.a(libc_a-mlock.o)
                0x08003c90                __malloc_lock
 .text.__malloc_unlock
                0x08003c9c        0xc C:/ST/STM32CubeIDE_1.18.0/STM32CubeIDE/plugins/com.st.stm32cube.ide.mcu.externaltools.gnu-tools-for-stm32.13.3.rel1.win32_1.0.0.202411081344/tools/bin/../lib/gcc/arm-none-eabi/13.3.1/../../../../arm-none-eabi/lib/thumb/v7e-m+fp/hard\libc_nano.a(libc_a-mlock.o)
                0x08003c9c                __malloc_unlock
 .text.__ssputs_r
                0x08003ca8       0xb6 C:/ST/STM32CubeIDE_1.18.0/STM32CubeIDE/plugins/com.st.stm32cube.ide.mcu.externaltools.gnu-tools-for-stm32.13.3.rel1.win32_1.0.0.202411081344/tools/bin/../lib/gcc/arm-none-eabi/13.3.1/../../../../arm-none-eabi/lib/thumb/v7e-m+fp/hard\libc_nano.a(libc_a-nano-svfprintf.o)
                0x08003ca8                __ssputs_r
 *fill*         0x08003d5e        0x2 
 .text._svfprintf_r
                0x08003d60      0x1f8 C:/ST/STM32CubeIDE_1.18.0/STM32CubeIDE/plugins/com.st.stm32cube.ide.mcu.externaltools.gnu-tools-for-stm32.13.3.rel1.win32_1.0.0.202411081344/tools/bin/../lib/gcc/arm-none-eabi/13.3.1/../../../../arm-none-eabi/lib/thumb/v7e-m+fp/hard\libc_nano.a(libc_a-nano-svfprintf.o)
                0x08003d60                _svfiprintf_r
                0x08003d60                _svfprintf_r
 .text._printf_common
                0x08003f58       0xda C:/ST/STM32CubeIDE_1.18.0/STM32CubeIDE/plugins/com.st.stm32cube.ide.mcu.externaltools.gnu-tools-for-stm32.13.3.rel1.win32_1.0.0.202411081344/tools/bin/../lib/gcc/arm-none-eabi/13.3.1/../../../../arm-none-eabi/lib/thumb/v7e-m+fp/hard\libc_nano.a(libc_a-nano-vfprintf_i.o)
                0x08003f58                _printf_common
 *fill*         0x08004032        0x2 
 .text._printf_i
                0x08004034      0x23c C:/ST/STM32CubeIDE_1.18.0/STM32CubeIDE/plugins/com.st.stm32cube.ide.mcu.externaltools.gnu-tools-for-stm32.13.3.rel1.win32_1.0.0.202411081344/tools/bin/../lib/gcc/arm-none-eabi/13.3.1/../../../../arm-none-eabi/lib/thumb/v7e-m+fp/hard\libc_nano.a(libc_a-nano-vfprintf_i.o)
                0x08004034                _printf_i
 .text.memmove  0x08004270       0x34 C:/ST/STM32CubeIDE_1.18.0/STM32CubeIDE/plugins/com.st.stm32cube.ide.mcu.externaltools.gnu-tools-for-stm32.13.3.rel1.win32_1.0.0.202411081344/tools/bin/../lib/gcc/arm-none-eabi/13.3.1/../../../../arm-none-eabi/lib/thumb/v7e-m+fp/hard\libc_nano.a(libc_a-memmove.o)
                0x08004270                memmove
 .text._sbrk_r  0x080042a4       0x20 C:/ST/STM32CubeIDE_1.18.0/STM32CubeIDE/plugins/com.st.stm32cube.ide.mcu.externaltools.gnu-tools-for-stm32.13.3.rel1.win32_1.0.0.202411081344/tools/bin/../lib/gcc/arm-none-eabi/13.3.1/../../../../arm-none-eabi/lib/thumb/v7e-m+fp/hard\libc_nano.a(libc_a-sbrkr.o)
                0x080042a4                _sbrk_r
 .text.memcpy   0x080042c4       0x1c C:/ST/STM32CubeIDE_1.18.0/STM32CubeIDE/plugins/com.st.stm32cube.ide.mcu.externaltools.gnu-tools-for-stm32.13.3.rel1.win32_1.0.0.202411081344/tools/bin/../lib/gcc/arm-none-eabi/13.3.1/../../../../arm-none-eabi/lib/thumb/v7e-m+fp/hard\libc_nano.a(libc_a-memcpy-stub.o)
                0x080042c4                memcpy
 .text._realloc_r
                0x080042e0       0x5c C:/ST/STM32CubeIDE_1.18.0/STM32CubeIDE/plugins/com.st.stm32cube.ide.mcu.externaltools.gnu-tools-for-stm32.13.3.rel1.win32_1.0.0.202411081344/tools/bin/../lib/gcc/arm-none-eabi/13.3.1/../../../../arm-none-eabi/lib/thumb/v7e-m+fp/hard\libc_nano.a(libc_a-reallocr.o)
                0x080042e0                _realloc_r
 .text._malloc_usable_size_r
                0x0800433c       0x10 C:/ST/STM32CubeIDE_1.18.0/STM32CubeIDE/plugins/com.st.stm32cube.ide.mcu.externaltools.gnu-tools-for-stm32.13.3.rel1.win32_1.0.0.202411081344/tools/bin/../lib/gcc/arm-none-eabi/13.3.1/../../../../arm-none-eabi/lib/thumb/v7e-m+fp/hard\libc_nano.a(libc_a-msizer.o)
                0x0800433c                _malloc_usable_size_r
 *(.glue_7)
 .glue_7        0x0800434c        0x0 linker stubs
 *(.glue_7t)
 .glue_7t       0x0800434c        0x0 linker stubs
 *(.eh_frame)
 .eh_frame      0x0800434c        0x0 C:/ST/STM32CubeIDE_1.18.0/STM32CubeIDE/plugins/com.st.stm32cube.ide.mcu.externaltools.gnu-tools-for-stm32.13.3.rel1.win32_1.0.0.202411081344/tools/bin/../lib/gcc/arm-none-eabi/13.3.1/thumb/v7e-m+fp/hard/crtbegin.o
 *(.init)
 .init          0x0800434c        0x4 C:/ST/STM32CubeIDE_1.18.0/STM32CubeIDE/plugins/com.st.stm32cube.ide.mcu.externaltools.gnu-tools-for-stm32.13.3.rel1.win32_1.0.0.202411081344/tools/bin/../lib/gcc/arm-none-eabi/13.3.1/thumb/v7e-m+fp/hard/crti.o
                0x0800434c                _init
 .init          0x08004350        0x8 C:/ST/STM32CubeIDE_1.18.0/STM32CubeIDE/plugins/com.st.stm32cube.ide.mcu.externaltools.gnu-tools-for-stm32.13.3.rel1.win32_1.0.0.202411081344/tools/bin/../lib/gcc/arm-none-eabi/13.3.1/thumb/v7e-m+fp/hard/crtn.o
 *(.fini)
 .fini          0x08004358        0x4 C:/ST/STM32CubeIDE_1.18.0/STM32CubeIDE/plugins/com.st.stm32cube.ide.mcu.externaltools.gnu-tools-for-stm32.13.3.rel1.win32_1.0.0.202411081344/tools/bin/../lib/gcc/arm-none-eabi/13.3.1/thumb/v7e-m+fp/hard/crti.o
                0x08004358                _fini
 .fini          0x0800435c        0x8 C:/ST/STM32CubeIDE_1.18.0/STM32CubeIDE/plugins/com.st.stm32cube.ide.mcu.externaltools.gnu-tools-for-stm32.13.3.rel1.win32_1.0.0.202411081344/tools/bin/../lib/gcc/arm-none-eabi/13.3.1/thumb/v7e-m+fp/hard/crtn.o
                0x08004364                        . = ALIGN (0x4)
                0x08004364                        _etext = .

.vfp11_veneer   0x08004364        0x0
 .vfp11_veneer  0x08004364        0x0 linker stubs

.v4_bx          0x08004364        0x0
 .v4_bx         0x08004364        0x0 linker stubs

.iplt           0x08004364        0x0
 .iplt          0x08004364        0x0 C:/ST/STM32CubeIDE_1.18.0/STM32CubeIDE/plugins/com.st.stm32cube.ide.mcu.externaltools.gnu-tools-for-stm32.13.3.rel1.win32_1.0.0.202411081344/tools/bin/../lib/gcc/arm-none-eabi/13.3.1/thumb/v7e-m+fp/hard/crtbegin.o

.rodata         0x08004364       0xc0
                0x08004364                        . = ALIGN (0x4)
 *(.rodata)
 .rodata        0x08004364        0x4 ./App/src/ap.o
 *(.rodata*)
 .rodata.gpio_config
                0x08004368       0x38 ./App/bsp/gpio/bsp_gpio.o
 .rodata.servo_config
                0x080043a0       0x38 ./App/bsp/servo/bsp_servo.o
 .rodata.AHBPrescTable
                0x080043d8       0x10 ./Core/Src/system_stm32f4xx.o
                0x080043d8                AHBPrescTable
 .rodata.APBPrescTable
                0x080043e8        0x8 ./Core/Src/system_stm32f4xx.o
                0x080043e8                APBPrescTable
 .rodata._svfprintf_r.str1.1
                0x080043f0       0x33 C:/ST/STM32CubeIDE_1.18.0/STM32CubeIDE/plugins/com.st.stm32cube.ide.mcu.externaltools.gnu-tools-for-stm32.13.3.rel1.win32_1.0.0.202411081344/tools/bin/../lib/gcc/arm-none-eabi/13.3.1/../../../../arm-none-eabi/lib/thumb/v7e-m+fp/hard\libc_nano.a(libc_a-nano-svfprintf.o)
                                 0x11 (size before relaxing)
 .rodata._printf_i.str1.1
                0x08004423       0x22 C:/ST/STM32CubeIDE_1.18.0/STM32CubeIDE/plugins/com.st.stm32cube.ide.mcu.externaltools.gnu-tools-for-stm32.13.3.rel1.win32_1.0.0.202411081344/tools/bin/../lib/gcc/arm-none-eabi/13.3.1/../../../../arm-none-eabi/lib/thumb/v7e-m+fp/hard\libc_nano.a(libc_a-nano-vfprintf_i.o)
                0x08004448                        . = ALIGN (0x4)
 *fill*         0x08004423        0x1 

.ARM.extab      0x08004424        0x0
                0x08004424                        . = ALIGN (0x4)
 *(.ARM.extab* .gnu.linkonce.armextab.*)
                0x08004424                        . = ALIGN (0x4)

.ARM            0x08004424        0x8
                0x08004424                        . = ALIGN (0x4)
                0x08004424                        __exidx_start = .
 *(.ARM.exidx*)
 .ARM.exidx     0x08004424        0x8 C:/ST/STM32CubeIDE_1.18.0/STM32CubeIDE/plugins/com.st.stm32cube.ide.mcu.externaltools.gnu-tools-for-stm32.13.3.rel1.win32_1.0.0.202411081344/tools/bin/../lib/gcc/arm-none-eabi/13.3.1/../../../../arm-none-eabi/lib/thumb/v7e-m+fp/hard\libc_nano.a(libc_a-memchr.o)
 .ARM.exidx     0x0800442c        0x0 C:/ST/STM32CubeIDE_1.18.0/STM32CubeIDE/plugins/com.st.stm32cube.ide.mcu.externaltools.gnu-tools-for-stm32.13.3.rel1.win32_1.0.0.202411081344/tools/bin/../lib/gcc/arm-none-eabi/13.3.1/thumb/v7e-m+fp/hard\libgcc.a(_udivmoddi4.o)
                                  0x8 (size before relaxing)
                0x0800442c                        __exidx_end = .
                0x0800442c                        . = ALIGN (0x4)

.preinit_array  0x0800442c        0x0
                0x0800442c                        . = ALIGN (0x4)
                0x0800442c                        PROVIDE (__preinit_array_start = .)
 *(.preinit_array*)
                0x0800442c                        PROVIDE (__preinit_array_end = .)
                0x0800442c                        . = ALIGN (0x4)

.init_array     0x0800442c        0x4
                0x0800442c                        . = ALIGN (0x4)
                0x0800442c                        PROVIDE (__init_array_start = .)
 *(SORT_BY_NAME(.init_array.*))
 *(.init_array*)
 .init_array    0x0800442c        0x4 C:/ST/STM32CubeIDE_1.18.0/STM32CubeIDE/plugins/com.st.stm32cube.ide.mcu.externaltools.gnu-tools-for-stm32.13.3.rel1.win32_1.0.0.202411081344/tools/bin/../lib/gcc/arm-none-eabi/13.3.1/thumb/v7e-m+fp/hard/crtbegin.o
                0x08004430                        PROVIDE (__init_array_end = .)
                0x08004430                        . = ALIGN (0x4)

.fini_array     0x08004430        0x4
                0x08004430                        . = ALIGN (0x4)
                [!provide]                        PROVIDE (__fini_array_start = .)
 *(SORT_BY_NAME(.fini_array.*))
 *(.fini_array*)
 .fini_array    0x08004430        0x4 C:/ST/STM32CubeIDE_1.18.0/STM32CubeIDE/plugins/com.st.stm32cube.ide.mcu.externaltools.gnu-tools-for-stm32.13.3.rel1.win32_1.0.0.202411081344/tools/bin/../lib/gcc/arm-none-eabi/13.3.1/thumb/v7e-m+fp/hard/crtbegin.o
                [!provide]                        PROVIDE (__fini_array_end = .)
                0x08004434                        . = ALIGN (0x4)
                0x08004434                        _sidata = LOADADDR (.data)

.rel.dyn        0x08004434        0x0
 .rel.iplt      0x08004434        0x0 C:/ST/STM32CubeIDE_1.18.0/STM32CubeIDE/plugins/com.st.stm32cube.ide.mcu.externaltools.gnu-tools-for-stm32.13.3.rel1.win32_1.0.0.202411081344/tools/bin/../lib/gcc/arm-none-eabi/13.3.1/thumb/v7e-m+fp/hard/crtbegin.o

.data           0x20000000       0x5c load address 0x08004434
                0x20000000                        . = ALIGN (0x4)
                0x20000000                        _sdata = .
 *(.data)
 *(.data*)
 .data.SystemCoreClock
                0x20000000        0x4 ./Core/Src/system_stm32f4xx.o
                0x20000000                SystemCoreClock
 .data.uwTickPrio
                0x20000004        0x4 ./Drivers/STM32F4xx_HAL_Driver/Src/stm32f4xx_hal.o
                0x20000004                uwTickPrio
 .data.uwTickFreq
                0x20000008        0x1 ./Drivers/STM32F4xx_HAL_Driver/Src/stm32f4xx_hal.o
                0x20000008                uwTickFreq
 *fill*         0x20000009        0x3 
 .data._impure_ptr
                0x2000000c        0x4 C:/ST/STM32CubeIDE_1.18.0/STM32CubeIDE/plugins/com.st.stm32cube.ide.mcu.externaltools.gnu-tools-for-stm32.13.3.rel1.win32_1.0.0.202411081344/tools/bin/../lib/gcc/arm-none-eabi/13.3.1/../../../../arm-none-eabi/lib/thumb/v7e-m+fp/hard\libc_nano.a(libc_a-impure.o)
                0x2000000c                _impure_ptr
 .data._impure_data
                0x20000010       0x4c C:/ST/STM32CubeIDE_1.18.0/STM32CubeIDE/plugins/com.st.stm32cube.ide.mcu.externaltools.gnu-tools-for-stm32.13.3.rel1.win32_1.0.0.202411081344/tools/bin/../lib/gcc/arm-none-eabi/13.3.1/../../../../arm-none-eabi/lib/thumb/v7e-m+fp/hard\libc_nano.a(libc_a-impure.o)
                0x20000010                _impure_data
 *(.RamFunc)
 *(.RamFunc*)
                0x2000005c                        . = ALIGN (0x4)
                0x2000005c                        _edata = .

.igot.plt       0x2000005c        0x0 load address 0x08004490
 .igot.plt      0x2000005c        0x0 C:/ST/STM32CubeIDE_1.18.0/STM32CubeIDE/plugins/com.st.stm32cube.ide.mcu.externaltools.gnu-tools-for-stm32.13.3.rel1.win32_1.0.0.202411081344/tools/bin/../lib/gcc/arm-none-eabi/13.3.1/thumb/v7e-m+fp/hard/crtbegin.o
                0x2000005c                        . = ALIGN (0x4)

.bss            0x2000005c      0x4e0 load address 0x08004490
                0x2000005c                        _sbss = .
                0x2000005c                        __bss_start__ = _sbss
 *(.bss)
 .bss           0x2000005c       0x1c C:/ST/STM32CubeIDE_1.18.0/STM32CubeIDE/plugins/com.st.stm32cube.ide.mcu.externaltools.gnu-tools-for-stm32.13.3.rel1.win32_1.0.0.202411081344/tools/bin/../lib/gcc/arm-none-eabi/13.3.1/thumb/v7e-m+fp/hard/crtbegin.o
 *(.bss*)
 .bss.gpio_info_
                0x20000078       0x54 ./App/utils/gpio/gpio.o
 .bss.servo_info
                0x200000cc       0x40 ./App/utils/servo/servo.o
 .bss.servo_count
                0x2000010c        0x1 ./App/utils/servo/servo.o
 *fill*         0x2000010d        0x3 
 .bss.is_open   0x20000110        0x2 ./App/utils/uart/uart.o
 *fill*         0x20000112        0x2 
 .bss.q_buf     0x20000114      0x200 ./App/utils/uart/uart.o
 .bss.htim3     0x20000314       0x48 ./Core/Src/main.o
                0x20000314                htim3
 .bss.huart1    0x2000035c       0x48 ./Core/Src/main.o
                0x2000035c                huart1
 .bss.huart2    0x200003a4       0x48 ./Core/Src/main.o
                0x200003a4                huart2
 .bss.__sbrk_heap_end
                0x200003ec        0x4 ./Core/Src/sysmem.o
 .bss.uwTick    0x200003f0        0x4 ./Drivers/STM32F4xx_HAL_Driver/Src/stm32f4xx_hal.o
                0x200003f0                uwTick
 .bss.__sf      0x200003f4      0x138 C:/ST/STM32CubeIDE_1.18.0/STM32CubeIDE/plugins/com.st.stm32cube.ide.mcu.externaltools.gnu-tools-for-stm32.13.3.rel1.win32_1.0.0.202411081344/tools/bin/../lib/gcc/arm-none-eabi/13.3.1/../../../../arm-none-eabi/lib/thumb/v7e-m+fp/hard\libc_nano.a(libc_a-findfp.o)
                0x200003f4                __sf
 .bss.errno     0x2000052c        0x4 C:/ST/STM32CubeIDE_1.18.0/STM32CubeIDE/plugins/com.st.stm32cube.ide.mcu.externaltools.gnu-tools-for-stm32.13.3.rel1.win32_1.0.0.202411081344/tools/bin/../lib/gcc/arm-none-eabi/13.3.1/../../../../arm-none-eabi/lib/thumb/v7e-m+fp/hard\libc_nano.a(libc_a-reent.o)
                0x2000052c                errno
 .bss.__lock___malloc_recursive_mutex
                0x20000530        0x1 C:/ST/STM32CubeIDE_1.18.0/STM32CubeIDE/plugins/com.st.stm32cube.ide.mcu.externaltools.gnu-tools-for-stm32.13.3.rel1.win32_1.0.0.202411081344/tools/bin/../lib/gcc/arm-none-eabi/13.3.1/../../../../arm-none-eabi/lib/thumb/v7e-m+fp/hard\libc_nano.a(libc_a-lock.o)
                0x20000530                __lock___malloc_recursive_mutex
 *fill*         0x20000531        0x3 
 .bss.__malloc_sbrk_start
                0x20000534        0x4 C:/ST/STM32CubeIDE_1.18.0/STM32CubeIDE/plugins/com.st.stm32cube.ide.mcu.externaltools.gnu-tools-for-stm32.13.3.rel1.win32_1.0.0.202411081344/tools/bin/../lib/gcc/arm-none-eabi/13.3.1/../../../../arm-none-eabi/lib/thumb/v7e-m+fp/hard\libc_nano.a(libc_a-mallocr.o)
                0x20000534                __malloc_sbrk_start
 .bss.__malloc_free_list
                0x20000538        0x4 C:/ST/STM32CubeIDE_1.18.0/STM32CubeIDE/plugins/com.st.stm32cube.ide.mcu.externaltools.gnu-tools-for-stm32.13.3.rel1.win32_1.0.0.202411081344/tools/bin/../lib/gcc/arm-none-eabi/13.3.1/../../../../arm-none-eabi/lib/thumb/v7e-m+fp/hard\libc_nano.a(libc_a-mallocr.o)
                0x20000538                __malloc_free_list
 *(COMMON)
                0x2000053c                        . = ALIGN (0x4)
                0x2000053c                        _ebss = .
                0x2000053c                        __bss_end__ = _ebss

._user_heap_stack
                0x2000053c      0x604 load address 0x08004490
                0x20000540                        . = ALIGN (0x8)
 *fill*         0x2000053c        0x4 
                [!provide]                        PROVIDE (end = .)
                0x20000540                        PROVIDE (_end = .)
                0x20000740                        . = (. + _Min_Heap_Size)
 *fill*         0x20000540      0x200 
                0x20000b40                        . = (. + _Min_Stack_Size)
 *fill*         0x20000740      0x400 
                0x20000b40                        . = ALIGN (0x8)

/DISCARD/
 libc.a(*)
 libm.a(*)
 libgcc.a(*)

.ARM.attributes
                0x00000000       0x30
 *(.ARM.attributes)
 .ARM.attributes
                0x00000000       0x22 C:/ST/STM32CubeIDE_1.18.0/STM32CubeIDE/plugins/com.st.stm32cube.ide.mcu.externaltools.gnu-tools-for-stm32.13.3.rel1.win32_1.0.0.202411081344/tools/bin/../lib/gcc/arm-none-eabi/13.3.1/thumb/v7e-m+fp/hard/crti.o
 .ARM.attributes
                0x00000022       0x34 C:/ST/STM32CubeIDE_1.18.0/STM32CubeIDE/plugins/com.st.stm32cube.ide.mcu.externaltools.gnu-tools-for-stm32.13.3.rel1.win32_1.0.0.202411081344/tools/bin/../lib/gcc/arm-none-eabi/13.3.1/thumb/v7e-m+fp/hard/crtbegin.o
 .ARM.attributes
                0x00000056       0x34 ./App/bsp/bsp.o
 .ARM.attributes
                0x0000008a       0x34 ./App/bsp/gpio/bsp_gpio.o
 .ARM.attributes
                0x000000be       0x34 ./App/bsp/servo/bsp_servo.o
 .ARM.attributes
                0x000000f2       0x34 ./App/src/ap.o
 .ARM.attributes
                0x00000126       0x34 ./App/utils/gpio/gpio.o
 .ARM.attributes
                0x0000015a       0x34 ./App/utils/servo/servo.o
 .ARM.attributes
                0x0000018e       0x34 ./App/utils/uart/uart.o
 .ARM.attributes
                0x000001c2       0x34 ./Core/Src/main.o
 .ARM.attributes
                0x000001f6       0x34 ./Core/Src/stm32f4xx_hal_msp.o
 .ARM.attributes
                0x0000022a       0x34 ./Core/Src/stm32f4xx_it.o
 .ARM.attributes
                0x0000025e       0x34 ./Core/Src/sysmem.o
 .ARM.attributes
                0x00000292       0x34 ./Core/Src/system_stm32f4xx.o
 .ARM.attributes
                0x000002c6       0x21 ./Core/Startup/startup_stm32f411ceux.o
 .ARM.attributes
                0x000002e7       0x34 ./Drivers/STM32F4xx_HAL_Driver/Src/stm32f4xx_hal.o
 .ARM.attributes
                0x0000031b       0x34 ./Drivers/STM32F4xx_HAL_Driver/Src/stm32f4xx_hal_cortex.o
 .ARM.attributes
                0x0000034f       0x34 ./Drivers/STM32F4xx_HAL_Driver/Src/stm32f4xx_hal_dma.o
 .ARM.attributes
                0x00000383       0x34 ./Drivers/STM32F4xx_HAL_Driver/Src/stm32f4xx_hal_gpio.o
 .ARM.attributes
                0x000003b7       0x34 ./Drivers/STM32F4xx_HAL_Driver/Src/stm32f4xx_hal_rcc.o
 .ARM.attributes
                0x000003eb       0x34 ./Drivers/STM32F4xx_HAL_Driver/Src/stm32f4xx_hal_tim.o
 .ARM.attributes
                0x0000041f       0x34 ./Drivers/STM32F4xx_HAL_Driver/Src/stm32f4xx_hal_tim_ex.o
 .ARM.attributes
                0x00000453       0x34 ./Drivers/STM32F4xx_HAL_Driver/Src/stm32f4xx_hal_uart.o
 .ARM.attributes
                0x00000487       0x34 C:/ST/STM32CubeIDE_1.18.0/STM32CubeIDE/plugins/com.st.stm32cube.ide.mcu.externaltools.gnu-tools-for-stm32.13.3.rel1.win32_1.0.0.202411081344/tools/bin/../lib/gcc/arm-none-eabi/13.3.1/../../../../arm-none-eabi/lib/thumb/v7e-m+fp/hard\libc_nano.a(libc_a-findfp.o)
 .ARM.attributes
                0x000004bb       0x34 C:/ST/STM32CubeIDE_1.18.0/STM32CubeIDE/plugins/com.st.stm32cube.ide.mcu.externaltools.gnu-tools-for-stm32.13.3.rel1.win32_1.0.0.202411081344/tools/bin/../lib/gcc/arm-none-eabi/13.3.1/../../../../arm-none-eabi/lib/thumb/v7e-m+fp/hard\libc_nano.a(libc_a-vsnprintf.o)
 .ARM.attributes
                0x000004ef       0x34 C:/ST/STM32CubeIDE_1.18.0/STM32CubeIDE/plugins/com.st.stm32cube.ide.mcu.externaltools.gnu-tools-for-stm32.13.3.rel1.win32_1.0.0.202411081344/tools/bin/../lib/gcc/arm-none-eabi/13.3.1/../../../../arm-none-eabi/lib/thumb/v7e-m+fp/hard\libc_nano.a(libc_a-memset.o)
 .ARM.attributes
                0x00000523       0x34 C:/ST/STM32CubeIDE_1.18.0/STM32CubeIDE/plugins/com.st.stm32cube.ide.mcu.externaltools.gnu-tools-for-stm32.13.3.rel1.win32_1.0.0.202411081344/tools/bin/../lib/gcc/arm-none-eabi/13.3.1/../../../../arm-none-eabi/lib/thumb/v7e-m+fp/hard\libc_nano.a(libc_a-reent.o)
 .ARM.attributes
                0x00000557       0x34 C:/ST/STM32CubeIDE_1.18.0/STM32CubeIDE/plugins/com.st.stm32cube.ide.mcu.externaltools.gnu-tools-for-stm32.13.3.rel1.win32_1.0.0.202411081344/tools/bin/../lib/gcc/arm-none-eabi/13.3.1/../../../../arm-none-eabi/lib/thumb/v7e-m+fp/hard\libc_nano.a(libc_a-impure.o)
 .ARM.attributes
                0x0000058b       0x34 C:/ST/STM32CubeIDE_1.18.0/STM32CubeIDE/plugins/com.st.stm32cube.ide.mcu.externaltools.gnu-tools-for-stm32.13.3.rel1.win32_1.0.0.202411081344/tools/bin/../lib/gcc/arm-none-eabi/13.3.1/../../../../arm-none-eabi/lib/thumb/v7e-m+fp/hard\libc_nano.a(libc_a-errno.o)
 .ARM.attributes
                0x000005bf       0x34 C:/ST/STM32CubeIDE_1.18.0/STM32CubeIDE/plugins/com.st.stm32cube.ide.mcu.externaltools.gnu-tools-for-stm32.13.3.rel1.win32_1.0.0.202411081344/tools/bin/../lib/gcc/arm-none-eabi/13.3.1/../../../../arm-none-eabi/lib/thumb/v7e-m+fp/hard\libc_nano.a(libc_a-init.o)
 .ARM.attributes
                0x000005f3       0x34 C:/ST/STM32CubeIDE_1.18.0/STM32CubeIDE/plugins/com.st.stm32cube.ide.mcu.externaltools.gnu-tools-for-stm32.13.3.rel1.win32_1.0.0.202411081344/tools/bin/../lib/gcc/arm-none-eabi/13.3.1/../../../../arm-none-eabi/lib/thumb/v7e-m+fp/hard\libc_nano.a(libc_a-lock.o)
 .ARM.attributes
                0x00000627       0x34 C:/ST/STM32CubeIDE_1.18.0/STM32CubeIDE/plugins/com.st.stm32cube.ide.mcu.externaltools.gnu-tools-for-stm32.13.3.rel1.win32_1.0.0.202411081344/tools/bin/../lib/gcc/arm-none-eabi/13.3.1/../../../../arm-none-eabi/lib/thumb/v7e-m+fp/hard\libc_nano.a(libc_a-freer.o)
 .ARM.attributes
                0x0000065b       0x34 C:/ST/STM32CubeIDE_1.18.0/STM32CubeIDE/plugins/com.st.stm32cube.ide.mcu.externaltools.gnu-tools-for-stm32.13.3.rel1.win32_1.0.0.202411081344/tools/bin/../lib/gcc/arm-none-eabi/13.3.1/../../../../arm-none-eabi/lib/thumb/v7e-m+fp/hard\libc_nano.a(libc_a-mallocr.o)
 .ARM.attributes
                0x0000068f       0x34 C:/ST/STM32CubeIDE_1.18.0/STM32CubeIDE/plugins/com.st.stm32cube.ide.mcu.externaltools.gnu-tools-for-stm32.13.3.rel1.win32_1.0.0.202411081344/tools/bin/../lib/gcc/arm-none-eabi/13.3.1/../../../../arm-none-eabi/lib/thumb/v7e-m+fp/hard\libc_nano.a(libc_a-mlock.o)
 .ARM.attributes
                0x000006c3       0x34 C:/ST/STM32CubeIDE_1.18.0/STM32CubeIDE/plugins/com.st.stm32cube.ide.mcu.externaltools.gnu-tools-for-stm32.13.3.rel1.win32_1.0.0.202411081344/tools/bin/../lib/gcc/arm-none-eabi/13.3.1/../../../../arm-none-eabi/lib/thumb/v7e-m+fp/hard\libc_nano.a(libc_a-nano-svfprintf.o)
 .ARM.attributes
                0x000006f7       0x34 C:/ST/STM32CubeIDE_1.18.0/STM32CubeIDE/plugins/com.st.stm32cube.ide.mcu.externaltools.gnu-tools-for-stm32.13.3.rel1.win32_1.0.0.202411081344/tools/bin/../lib/gcc/arm-none-eabi/13.3.1/../../../../arm-none-eabi/lib/thumb/v7e-m+fp/hard\libc_nano.a(libc_a-nano-vfprintf_i.o)
 .ARM.attributes
                0x0000072b       0x34 C:/ST/STM32CubeIDE_1.18.0/STM32CubeIDE/plugins/com.st.stm32cube.ide.mcu.externaltools.gnu-tools-for-stm32.13.3.rel1.win32_1.0.0.202411081344/tools/bin/../lib/gcc/arm-none-eabi/13.3.1/../../../../arm-none-eabi/lib/thumb/v7e-m+fp/hard\libc_nano.a(libc_a-memmove.o)
 .ARM.attributes
                0x0000075f       0x34 C:/ST/STM32CubeIDE_1.18.0/STM32CubeIDE/plugins/com.st.stm32cube.ide.mcu.externaltools.gnu-tools-for-stm32.13.3.rel1.win32_1.0.0.202411081344/tools/bin/../lib/gcc/arm-none-eabi/13.3.1/../../../../arm-none-eabi/lib/thumb/v7e-m+fp/hard\libc_nano.a(libc_a-sbrkr.o)
 .ARM.attributes
                0x00000793       0x1c C:/ST/STM32CubeIDE_1.18.0/STM32CubeIDE/plugins/com.st.stm32cube.ide.mcu.externaltools.gnu-tools-for-stm32.13.3.rel1.win32_1.0.0.202411081344/tools/bin/../lib/gcc/arm-none-eabi/13.3.1/../../../../arm-none-eabi/lib/thumb/v7e-m+fp/hard\libc_nano.a(libc_a-memchr.o)
 .ARM.attributes
                0x000007af       0x34 C:/ST/STM32CubeIDE_1.18.0/STM32CubeIDE/plugins/com.st.stm32cube.ide.mcu.externaltools.gnu-tools-for-stm32.13.3.rel1.win32_1.0.0.202411081344/tools/bin/../lib/gcc/arm-none-eabi/13.3.1/../../../../arm-none-eabi/lib/thumb/v7e-m+fp/hard\libc_nano.a(libc_a-memcpy-stub.o)
 .ARM.attributes
                0x000007e3       0x34 C:/ST/STM32CubeIDE_1.18.0/STM32CubeIDE/plugins/com.st.stm32cube.ide.mcu.externaltools.gnu-tools-for-stm32.13.3.rel1.win32_1.0.0.202411081344/tools/bin/../lib/gcc/arm-none-eabi/13.3.1/../../../../arm-none-eabi/lib/thumb/v7e-m+fp/hard\libc_nano.a(libc_a-reallocr.o)
 .ARM.attributes
                0x00000817       0x34 C:/ST/STM32CubeIDE_1.18.0/STM32CubeIDE/plugins/com.st.stm32cube.ide.mcu.externaltools.gnu-tools-for-stm32.13.3.rel1.win32_1.0.0.202411081344/tools/bin/../lib/gcc/arm-none-eabi/13.3.1/../../../../arm-none-eabi/lib/thumb/v7e-m+fp/hard\libc_nano.a(libc_a-msizer.o)
 .ARM.attributes
                0x0000084b       0x22 C:/ST/STM32CubeIDE_1.18.0/STM32CubeIDE/plugins/com.st.stm32cube.ide.mcu.externaltools.gnu-tools-for-stm32.13.3.rel1.win32_1.0.0.202411081344/tools/bin/../lib/gcc/arm-none-eabi/13.3.1/thumb/v7e-m+fp/hard\libgcc.a(_aeabi_uldivmod.o)
 .ARM.attributes
                0x0000086d       0x34 C:/ST/STM32CubeIDE_1.18.0/STM32CubeIDE/plugins/com.st.stm32cube.ide.mcu.externaltools.gnu-tools-for-stm32.13.3.rel1.win32_1.0.0.202411081344/tools/bin/../lib/gcc/arm-none-eabi/13.3.1/thumb/v7e-m+fp/hard\libgcc.a(_udivmoddi4.o)
 .ARM.attributes
                0x000008a1       0x22 C:/ST/STM32CubeIDE_1.18.0/STM32CubeIDE/plugins/com.st.stm32cube.ide.mcu.externaltools.gnu-tools-for-stm32.13.3.rel1.win32_1.0.0.202411081344/tools/bin/../lib/gcc/arm-none-eabi/13.3.1/thumb/v7e-m+fp/hard\libgcc.a(_dvmd_tls.o)
 .ARM.attributes
                0x000008c3       0x22 C:/ST/STM32CubeIDE_1.18.0/STM32CubeIDE/plugins/com.st.stm32cube.ide.mcu.externaltools.gnu-tools-for-stm32.13.3.rel1.win32_1.0.0.202411081344/tools/bin/../lib/gcc/arm-none-eabi/13.3.1/thumb/v7e-m+fp/hard/crtn.o
OUTPUT(f411ceu6_petbot_servo.elf elf32-littlearm)
LOAD linker stubs
LOAD C:/ST/STM32CubeIDE_1.18.0/STM32CubeIDE/plugins/com.st.stm32cube.ide.mcu.externaltools.gnu-tools-for-stm32.13.3.rel1.win32_1.0.0.202411081344/tools/bin/../lib/gcc/arm-none-eabi/13.3.1/../../../../arm-none-eabi/lib/thumb/v7e-m+fp/hard\libc.a
LOAD C:/ST/STM32CubeIDE_1.18.0/STM32CubeIDE/plugins/com.st.stm32cube.ide.mcu.externaltools.gnu-tools-for-stm32.13.3.rel1.win32_1.0.0.202411081344/tools/bin/../lib/gcc/arm-none-eabi/13.3.1/../../../../arm-none-eabi/lib/thumb/v7e-m+fp/hard\libm.a
LOAD C:/ST/STM32CubeIDE_1.18.0/STM32CubeIDE/plugins/com.st.stm32cube.ide.mcu.externaltools.gnu-tools-for-stm32.13.3.rel1.win32_1.0.0.202411081344/tools/bin/../lib/gcc/arm-none-eabi/13.3.1/thumb/v7e-m+fp/hard\libgcc.a

.debug_info     0x00000000     0xe582
 .debug_info    0x00000000       0xd3 ./App/bsp/bsp.o
 .debug_info    0x000000d3      0x216 ./App/bsp/gpio/bsp_gpio.o
 .debug_info    0x000002e9      0x756 ./App/bsp/servo/bsp_servo.o
 .debug_info    0x00000a3f      0x164 ./App/src/ap.o
 .debug_info    0x00000ba3      0x3c7 ./App/utils/gpio/gpio.o
 .debug_info    0x00000f6a      0xaf7 ./App/utils/servo/servo.o
 .debug_info    0x00001a61      0x8c5 ./App/utils/uart/uart.o
 .debug_info    0x00002326     0x10af ./Core/Src/main.o
 .debug_info    0x000033d5      0xd62 ./Core/Src/stm32f4xx_hal_msp.o
 .debug_info    0x00004137      0x112 ./Core/Src/stm32f4xx_it.o
 .debug_info    0x00004249      0x168 ./Core/Src/sysmem.o
 .debug_info    0x000043b1      0x53e ./Core/Src/system_stm32f4xx.o
 .debug_info    0x000048ef       0x30 ./Core/Startup/startup_stm32f411ceux.o
 .debug_info    0x0000491f      0x8c4 ./Drivers/STM32F4xx_HAL_Driver/Src/stm32f4xx_hal.o
 .debug_info    0x000051e3      0xcfc ./Drivers/STM32F4xx_HAL_Driver/Src/stm32f4xx_hal_cortex.o
 .debug_info    0x00005edf      0x8e6 ./Drivers/STM32F4xx_HAL_Driver/Src/stm32f4xx_hal_dma.o
 .debug_info    0x000067c5      0x6f9 ./Drivers/STM32F4xx_HAL_Driver/Src/stm32f4xx_hal_gpio.o
 .debug_info    0x00006ebe      0x904 ./Drivers/STM32F4xx_HAL_Driver/Src/stm32f4xx_hal_rcc.o
 .debug_info    0x000077c2     0x2996 ./Drivers/STM32F4xx_HAL_Driver/Src/stm32f4xx_hal_tim.o
 .debug_info    0x0000a158     0x14d4 ./Drivers/STM32F4xx_HAL_Driver/Src/stm32f4xx_hal_tim_ex.o
 .debug_info    0x0000b62c     0x2f56 ./Drivers/STM32F4xx_HAL_Driver/Src/stm32f4xx_hal_uart.o

.debug_abbrev   0x00000000     0x25bc
 .debug_abbrev  0x00000000       0x92 ./App/bsp/bsp.o
 .debug_abbrev  0x00000092      0x142 ./App/bsp/gpio/bsp_gpio.o
 .debug_abbrev  0x000001d4      0x191 ./App/bsp/servo/bsp_servo.o
 .debug_abbrev  0x00000365       0xd8 ./App/src/ap.o
 .debug_abbrev  0x0000043d      0x1d5 ./App/utils/gpio/gpio.o
 .debug_abbrev  0x00000612      0x261 ./App/utils/servo/servo.o
 .debug_abbrev  0x00000873      0x212 ./App/utils/uart/uart.o
 .debug_abbrev  0x00000a85      0x2a0 ./Core/Src/main.o
 .debug_abbrev  0x00000d25      0x1dc ./Core/Src/stm32f4xx_hal_msp.o
 .debug_abbrev  0x00000f01       0x73 ./Core/Src/stm32f4xx_it.o
 .debug_abbrev  0x00000f74       0xbc ./Core/Src/sysmem.o
 .debug_abbrev  0x00001030      0x11a ./Core/Src/system_stm32f4xx.o
 .debug_abbrev  0x0000114a       0x24 ./Core/Startup/startup_stm32f411ceux.o
 .debug_abbrev  0x0000116e      0x24b ./Drivers/STM32F4xx_HAL_Driver/Src/stm32f4xx_hal.o
 .debug_abbrev  0x000013b9      0x31d ./Drivers/STM32F4xx_HAL_Driver/Src/stm32f4xx_hal_cortex.o
 .debug_abbrev  0x000016d6      0x221 ./Drivers/STM32F4xx_HAL_Driver/Src/stm32f4xx_hal_dma.o
 .debug_abbrev  0x000018f7      0x1d3 ./Drivers/STM32F4xx_HAL_Driver/Src/stm32f4xx_hal_gpio.o
 .debug_abbrev  0x00001aca      0x2b6 ./Drivers/STM32F4xx_HAL_Driver/Src/stm32f4xx_hal_rcc.o
 .debug_abbrev  0x00001d80      0x28b ./Drivers/STM32F4xx_HAL_Driver/Src/stm32f4xx_hal_tim.o
 .debug_abbrev  0x0000200b      0x296 ./Drivers/STM32F4xx_HAL_Driver/Src/stm32f4xx_hal_tim_ex.o
 .debug_abbrev  0x000022a1      0x31b ./Drivers/STM32F4xx_HAL_Driver/Src/stm32f4xx_hal_uart.o

.debug_aranges  0x00000000      0xde0
 .debug_aranges
                0x00000000       0x20 ./App/bsp/bsp.o
 .debug_aranges
                0x00000020       0x20 ./App/bsp/gpio/bsp_gpio.o
 .debug_aranges
                0x00000040       0x20 ./App/bsp/servo/bsp_servo.o
 .debug_aranges
                0x00000060       0x28 ./App/src/ap.o
 .debug_aranges
                0x00000088       0x50 ./App/utils/gpio/gpio.o
 .debug_aranges
                0x000000d8       0x88 ./App/utils/servo/servo.o
 .debug_aranges
                0x00000160       0x48 ./App/utils/uart/uart.o
 .debug_aranges
                0x000001a8       0x50 ./Core/Src/main.o
 .debug_aranges
                0x000001f8       0x48 ./Core/Src/stm32f4xx_hal_msp.o
 .debug_aranges
                0x00000240       0x60 ./Core/Src/stm32f4xx_it.o
 .debug_aranges
                0x000002a0       0x20 ./Core/Src/sysmem.o
 .debug_aranges
                0x000002c0       0x28 ./Core/Src/system_stm32f4xx.o
 .debug_aranges
                0x000002e8       0x28 ./Core/Startup/startup_stm32f411ceux.o
 .debug_aranges
                0x00000310       0xf0 ./Drivers/STM32F4xx_HAL_Driver/Src/stm32f4xx_hal.o
 .debug_aranges
                0x00000400      0x130 ./Drivers/STM32F4xx_HAL_Driver/Src/stm32f4xx_hal_cortex.o
 .debug_aranges
                0x00000530       0x90 ./Drivers/STM32F4xx_HAL_Driver/Src/stm32f4xx_hal_dma.o
 .debug_aranges
                0x000005c0       0x58 ./Drivers/STM32F4xx_HAL_Driver/Src/stm32f4xx_hal_gpio.o
 .debug_aranges
                0x00000618       0x88 ./Drivers/STM32F4xx_HAL_Driver/Src/stm32f4xx_hal_rcc.o
 .debug_aranges
                0x000006a0      0x3d0 ./Drivers/STM32F4xx_HAL_Driver/Src/stm32f4xx_hal_tim.o
 .debug_aranges
                0x00000a70      0x168 ./Drivers/STM32F4xx_HAL_Driver/Src/stm32f4xx_hal_tim_ex.o
 .debug_aranges
                0x00000bd8      0x208 ./Drivers/STM32F4xx_HAL_Driver/Src/stm32f4xx_hal_uart.o

.debug_rnglists
                0x00000000      0xaba
 .debug_rnglists
                0x00000000       0x13 ./App/bsp/bsp.o
 .debug_rnglists
                0x00000013       0x13 ./App/bsp/gpio/bsp_gpio.o
 .debug_rnglists
                0x00000026       0x13 ./App/bsp/servo/bsp_servo.o
 .debug_rnglists
                0x00000039       0x19 ./App/src/ap.o
 .debug_rnglists
                0x00000052       0x39 ./App/utils/gpio/gpio.o
 .debug_rnglists
                0x0000008b       0x67 ./App/utils/servo/servo.o
 .debug_rnglists
                0x000000f2       0x34 ./App/utils/uart/uart.o
 .debug_rnglists
                0x00000126       0x3a ./Core/Src/main.o
 .debug_rnglists
                0x00000160       0x32 ./Core/Src/stm32f4xx_hal_msp.o
 .debug_rnglists
                0x00000192       0x43 ./Core/Src/stm32f4xx_it.o
 .debug_rnglists
                0x000001d5       0x13 ./Core/Src/sysmem.o
 .debug_rnglists
                0x000001e8       0x1a ./Core/Src/system_stm32f4xx.o
 .debug_rnglists
                0x00000202       0x19 ./Core/Startup/startup_stm32f411ceux.o
 .debug_rnglists
                0x0000021b       0xaf ./Drivers/STM32F4xx_HAL_Driver/Src/stm32f4xx_hal.o
 .debug_rnglists
                0x000002ca       0xe0 ./Drivers/STM32F4xx_HAL_Driver/Src/stm32f4xx_hal_cortex.o
 .debug_rnglists
                0x000003aa       0x70 ./Drivers/STM32F4xx_HAL_Driver/Src/stm32f4xx_hal_dma.o
 .debug_rnglists
                0x0000041a       0x3f ./Drivers/STM32F4xx_HAL_Driver/Src/stm32f4xx_hal_gpio.o
 .debug_rnglists
                0x00000459       0x66 ./Drivers/STM32F4xx_HAL_Driver/Src/stm32f4xx_hal_rcc.o
 .debug_rnglists
                0x000004bf      0x31a ./Drivers/STM32F4xx_HAL_Driver/Src/stm32f4xx_hal_tim.o
 .debug_rnglists
                0x000007d9      0x125 ./Drivers/STM32F4xx_HAL_Driver/Src/stm32f4xx_hal_tim_ex.o
 .debug_rnglists
                0x000008fe      0x1bc ./Drivers/STM32F4xx_HAL_Driver/Src/stm32f4xx_hal_uart.o

.debug_macro    0x00000000    0x180aa
 .debug_macro   0x00000000      0x348 ./App/bsp/bsp.o
 .debug_macro   0x00000348      0xad8 ./App/bsp/bsp.o
 .debug_macro   0x00000e20       0x22 ./App/bsp/bsp.o
 .debug_macro   0x00000e42       0x5b ./App/bsp/bsp.o
 .debug_macro   0x00000e9d       0x2a ./App/bsp/bsp.o
 .debug_macro   0x00000ec7       0x94 ./App/bsp/bsp.o
 .debug_macro   0x00000f5b       0x43 ./App/bsp/bsp.o
 .debug_macro   0x00000f9e       0x34 ./App/bsp/bsp.o
 .debug_macro   0x00000fd2       0x16 ./App/bsp/bsp.o
 .debug_macro   0x00000fe8       0x57 ./App/bsp/bsp.o
 .debug_macro   0x0000103f       0x9e ./App/bsp/bsp.o
 .debug_macro   0x000010dd      0x370 ./App/bsp/bsp.o
 .debug_macro   0x0000144d      0x112 ./App/bsp/bsp.o
 .debug_macro   0x0000155f       0x10 ./App/bsp/bsp.o
 .debug_macro   0x0000156f       0x16 ./App/bsp/bsp.o
 .debug_macro   0x00001585       0x4a ./App/bsp/bsp.o
 .debug_macro   0x000015cf       0x34 ./App/bsp/bsp.o
 .debug_macro   0x00001603       0x10 ./App/bsp/bsp.o
 .debug_macro   0x00001613       0x58 ./App/bsp/bsp.o
 .debug_macro   0x0000166b       0x8e ./App/bsp/bsp.o
 .debug_macro   0x000016f9       0x1c ./App/bsp/bsp.o
 .debug_macro   0x00001715      0x185 ./App/bsp/bsp.o
 .debug_macro   0x0000189a       0x16 ./App/bsp/bsp.o
 .debug_macro   0x000018b0       0x16 ./App/bsp/bsp.o
 .debug_macro   0x000018c6      0x146 ./App/bsp/bsp.o
 .debug_macro   0x00001a0c       0x22 ./App/bsp/bsp.o
 .debug_macro   0x00001a2e      0x103 ./App/bsp/bsp.o
 .debug_macro   0x00001b31       0x6a ./App/bsp/bsp.o
 .debug_macro   0x00001b9b      0x1df ./App/bsp/bsp.o
 .debug_macro   0x00001d7a       0x4c ./App/bsp/bsp.o
 .debug_macro   0x00001dc6       0x16 ./App/bsp/bsp.o
 .debug_macro   0x00001ddc       0x3c ./App/bsp/bsp.o
 .debug_macro   0x00001e18       0x20 ./App/bsp/bsp.o
 .debug_macro   0x00001e38       0x16 ./App/bsp/bsp.o
 .debug_macro   0x00001e4e       0x16 ./App/bsp/bsp.o
 .debug_macro   0x00001e64       0x29 ./App/bsp/bsp.o
 .debug_macro   0x00001e8d      0x29b ./App/bsp/bsp.o
 .debug_macro   0x00002128       0x2e ./App/bsp/bsp.o
 .debug_macro   0x00002156       0x28 ./App/bsp/bsp.o
 .debug_macro   0x0000217e       0x1c ./App/bsp/bsp.o
 .debug_macro   0x0000219a       0x22 ./App/bsp/bsp.o
 .debug_macro   0x000021bc       0xfb ./App/bsp/bsp.o
 .debug_macro   0x000022b7     0x1011 ./App/bsp/bsp.o
 .debug_macro   0x000032c8      0x11f ./App/bsp/bsp.o
 .debug_macro   0x000033e7     0xb968 ./App/bsp/bsp.o
 .debug_macro   0x0000ed4f       0x6d ./App/bsp/bsp.o
 .debug_macro   0x0000edbc     0x3693 ./App/bsp/bsp.o
 .debug_macro   0x0001244f       0x56 ./App/bsp/bsp.o
 .debug_macro   0x000124a5      0x45c ./App/bsp/bsp.o
 .debug_macro   0x00012901      0x9e9 ./App/bsp/bsp.o
 .debug_macro   0x000132ea      0x115 ./App/bsp/bsp.o
 .debug_macro   0x000133ff      0x11b ./App/bsp/bsp.o
 .debug_macro   0x0001351a       0xa5 ./App/bsp/bsp.o
 .debug_macro   0x000135bf      0x15f ./App/bsp/bsp.o
 .debug_macro   0x0001371e      0x287 ./App/bsp/bsp.o
 .debug_macro   0x000139a5       0x5f ./App/bsp/bsp.o
 .debug_macro   0x00013a04      0x236 ./App/bsp/bsp.o
 .debug_macro   0x00013c3a      0x132 ./App/bsp/bsp.o
 .debug_macro   0x00013d6c      0x264 ./App/bsp/bsp.o
 .debug_macro   0x00013fd0       0x2e ./App/bsp/bsp.o
 .debug_macro   0x00013ffe      0x127 ./App/bsp/bsp.o
 .debug_macro   0x00014125       0x85 ./App/bsp/bsp.o
 .debug_macro   0x000141aa       0x89 ./App/bsp/bsp.o
 .debug_macro   0x00014233      0x8ed ./App/bsp/bsp.o
 .debug_macro   0x00014b20       0x47 ./App/bsp/bsp.o
 .debug_macro   0x00014b67      0x2aa ./App/bsp/bsp.o
 .debug_macro   0x00014e11      0x126 ./App/bsp/bsp.o
 .debug_macro   0x00014f37       0x58 ./App/bsp/bsp.o
 .debug_macro   0x00014f8f       0xa0 ./App/bsp/bsp.o
 .debug_macro   0x0001502f      0x348 ./App/bsp/gpio/bsp_gpio.o
 .debug_macro   0x00015377      0x348 ./App/bsp/servo/bsp_servo.o
 .debug_macro   0x000156bf      0x36f ./App/src/ap.o
 .debug_macro   0x00015a2e       0x1c ./App/src/ap.o
 .debug_macro   0x00015a4a      0x344 ./App/utils/gpio/gpio.o
 .debug_macro   0x00015d8e      0x344 ./App/utils/servo/servo.o
 .debug_macro   0x000160d2      0x344 ./App/utils/uart/uart.o
 .debug_macro   0x00016416      0x1e7 ./Core/Src/main.o
 .debug_macro   0x000165fd       0x8e ./Core/Src/main.o
 .debug_macro   0x0001668b       0x51 ./Core/Src/main.o
 .debug_macro   0x000166dc      0x190 ./Core/Src/main.o
 .debug_macro   0x0001686c       0x5c ./Core/Src/main.o
 .debug_macro   0x000168c8      0x1dd ./Core/Src/stm32f4xx_hal_msp.o
 .debug_macro   0x00016aa5      0x1e7 ./Core/Src/stm32f4xx_it.o
 .debug_macro   0x00016c8c      0x112 ./Core/Src/sysmem.o
 .debug_macro   0x00016d9e      0x23c ./Core/Src/sysmem.o
 .debug_macro   0x00016fda      0x1ce ./Core/Src/system_stm32f4xx.o
 .debug_macro   0x000171a8      0x22e ./Drivers/STM32F4xx_HAL_Driver/Src/stm32f4xx_hal.o
 .debug_macro   0x000173d6      0x1ce ./Drivers/STM32F4xx_HAL_Driver/Src/stm32f4xx_hal_cortex.o
 .debug_macro   0x000175a4      0x1d4 ./Drivers/STM32F4xx_HAL_Driver/Src/stm32f4xx_hal_dma.o
 .debug_macro   0x00017778      0x1d4 ./Drivers/STM32F4xx_HAL_Driver/Src/stm32f4xx_hal_gpio.o
 .debug_macro   0x0001794c      0x1f2 ./Drivers/STM32F4xx_HAL_Driver/Src/stm32f4xx_hal_rcc.o
 .debug_macro   0x00017b3e      0x1cf ./Drivers/STM32F4xx_HAL_Driver/Src/stm32f4xx_hal_tim.o
 .debug_macro   0x00017d0d      0x1ce ./Drivers/STM32F4xx_HAL_Driver/Src/stm32f4xx_hal_tim_ex.o
 .debug_macro   0x00017edb      0x1cf ./Drivers/STM32F4xx_HAL_Driver/Src/stm32f4xx_hal_uart.o

.debug_line     0x00000000    0x125fa
 .debug_line    0x00000000      0x9d2 ./App/bsp/bsp.o
 .debug_line    0x000009d2      0x9af ./App/bsp/gpio/bsp_gpio.o
 .debug_line    0x00001381      0x9b3 ./App/bsp/servo/bsp_servo.o
 .debug_line    0x00001d34      0xa95 ./App/src/ap.o
 .debug_line    0x000027c9      0xab8 ./App/utils/gpio/gpio.o
 .debug_line    0x00003281      0xcd2 ./App/utils/servo/servo.o
 .debug_line    0x00003f53      0xac3 ./App/utils/uart/uart.o
 .debug_line    0x00004a16      0x94e ./Core/Src/main.o
 .debug_line    0x00005364      0x82d ./Core/Src/stm32f4xx_hal_msp.o
 .debug_line    0x00005b91      0x7f5 ./Core/Src/stm32f4xx_it.o
 .debug_line    0x00006386      0x588 ./Core/Src/sysmem.o
 .debug_line    0x0000690e      0x7cb ./Core/Src/system_stm32f4xx.o
 .debug_line    0x000070d9       0x7a ./Core/Startup/startup_stm32f411ceux.o
 .debug_line    0x00007153      0xa38 ./Drivers/STM32F4xx_HAL_Driver/Src/stm32f4xx_hal.o
 .debug_line    0x00007b8b      0xd08 ./Drivers/STM32F4xx_HAL_Driver/Src/stm32f4xx_hal_cortex.o
 .debug_line    0x00008893      0xfa4 ./Drivers/STM32F4xx_HAL_Driver/Src/stm32f4xx_hal_dma.o
 .debug_line    0x00009837      0xb54 ./Drivers/STM32F4xx_HAL_Driver/Src/stm32f4xx_hal_gpio.o
 .debug_line    0x0000a38b      0xe45 ./Drivers/STM32F4xx_HAL_Driver/Src/stm32f4xx_hal_rcc.o
 .debug_line    0x0000b1d0     0x3577 ./Drivers/STM32F4xx_HAL_Driver/Src/stm32f4xx_hal_tim.o
 .debug_line    0x0000e747     0x1933 ./Drivers/STM32F4xx_HAL_Driver/Src/stm32f4xx_hal_tim_ex.o
 .debug_line    0x0001007a     0x2580 ./Drivers/STM32F4xx_HAL_Driver/Src/stm32f4xx_hal_uart.o

.debug_str      0x00000000    0x8eef5
 .debug_str     0x00000000    0x8eef5 ./App/bsp/bsp.o
                              0x8ad8b (size before relaxing)
 .debug_str     0x0008eef5    0x8ae3f ./App/bsp/gpio/bsp_gpio.o
 .debug_str     0x0008eef5    0x8b37d ./App/bsp/servo/bsp_servo.o
 .debug_str     0x0008eef5    0x8ae76 ./App/src/ap.o
 .debug_str     0x0008eef5    0x8aefb ./App/utils/gpio/gpio.o
 .debug_str     0x0008eef5    0x8b528 ./App/utils/servo/servo.o
 .debug_str     0x0008eef5    0x8b31c ./App/utils/uart/uart.o
 .debug_str     0x0008eef5    0x87d92 ./Core/Src/main.o
 .debug_str     0x0008eef5    0x87ab3 ./Core/Src/stm32f4xx_hal_msp.o
 .debug_str     0x0008eef5    0x871e7 ./Core/Src/stm32f4xx_it.o
 .debug_str     0x0008eef5     0x7787 ./Core/Src/sysmem.o
 .debug_str     0x0008eef5    0x871e9 ./Core/Src/system_stm32f4xx.o
 .debug_str     0x0008eef5       0x89 ./Core/Startup/startup_stm32f411ceux.o
 .debug_str     0x0008eef5    0x87c15 ./Drivers/STM32F4xx_HAL_Driver/Src/stm32f4xx_hal.o
 .debug_str     0x0008eef5    0x8797f ./Drivers/STM32F4xx_HAL_Driver/Src/stm32f4xx_hal_cortex.o
 .debug_str     0x0008eef5    0x875f1 ./Drivers/STM32F4xx_HAL_Driver/Src/stm32f4xx_hal_dma.o
 .debug_str     0x0008eef5    0x87364 ./Drivers/STM32F4xx_HAL_Driver/Src/stm32f4xx_hal_gpio.o
 .debug_str     0x0008eef5    0x8761d ./Drivers/STM32F4xx_HAL_Driver/Src/stm32f4xx_hal_rcc.o
 .debug_str     0x0008eef5    0x88561 ./Drivers/STM32F4xx_HAL_Driver/Src/stm32f4xx_hal_tim.o
 .debug_str     0x0008eef5    0x87d6d ./Drivers/STM32F4xx_HAL_Driver/Src/stm32f4xx_hal_tim_ex.o
 .debug_str     0x0008eef5    0x87bec ./Drivers/STM32F4xx_HAL_Driver/Src/stm32f4xx_hal_uart.o

.comment        0x00000000       0x43
 .comment       0x00000000       0x43 ./App/bsp/bsp.o
                                 0x44 (size before relaxing)
 .comment       0x00000043       0x44 ./App/bsp/gpio/bsp_gpio.o
 .comment       0x00000043       0x44 ./App/bsp/servo/bsp_servo.o
 .comment       0x00000043       0x44 ./App/src/ap.o
 .comment       0x00000043       0x44 ./App/utils/gpio/gpio.o
 .comment       0x00000043       0x44 ./App/utils/servo/servo.o
 .comment       0x00000043       0x44 ./App/utils/uart/uart.o
 .comment       0x00000043       0x44 ./Core/Src/main.o
 .comment       0x00000043       0x44 ./Core/Src/stm32f4xx_hal_msp.o
 .comment       0x00000043       0x44 ./Core/Src/stm32f4xx_it.o
 .comment       0x00000043       0x44 ./Core/Src/sysmem.o
 .comment       0x00000043       0x44 ./Core/Src/system_stm32f4xx.o
 .comment       0x00000043       0x44 ./Drivers/STM32F4xx_HAL_Driver/Src/stm32f4xx_hal.o
 .comment       0x00000043       0x44 ./Drivers/STM32F4xx_HAL_Driver/Src/stm32f4xx_hal_cortex.o
 .comment       0x00000043       0x44 ./Drivers/STM32F4xx_HAL_Driver/Src/stm32f4xx_hal_dma.o
 .comment       0x00000043       0x44 ./Drivers/STM32F4xx_HAL_Driver/Src/stm32f4xx_hal_gpio.o
 .comment       0x00000043       0x44 ./Drivers/STM32F4xx_HAL_Driver/Src/stm32f4xx_hal_rcc.o
 .comment       0x00000043       0x44 ./Drivers/STM32F4xx_HAL_Driver/Src/stm32f4xx_hal_tim.o
 .comment       0x00000043       0x44 ./Drivers/STM32F4xx_HAL_Driver/Src/stm32f4xx_hal_tim_ex.o
 .comment       0x00000043       0x44 ./Drivers/STM32F4xx_HAL_Driver/Src/stm32f4xx_hal_uart.o

.debug_frame    0x00000000     0x3d88
 .debug_frame   0x00000000       0x2c ./App/bsp/bsp.o
 .debug_frame   0x0000002c       0x2c ./App/bsp/gpio/bsp_gpio.o
 .debug_frame   0x00000058       0x2c ./App/bsp/servo/bsp_servo.o
 .debug_frame   0x00000084       0x48 ./App/src/ap.o
 .debug_frame   0x000000cc      0x11c ./App/utils/gpio/gpio.o
 .debug_frame   0x000001e8      0x224 ./App/utils/servo/servo.o
 .debug_frame   0x0000040c       0xfc ./App/utils/uart/uart.o
 .debug_frame   0x00000508       0xe8 ./Core/Src/main.o
 .debug_frame   0x000005f0       0xf4 ./Core/Src/stm32f4xx_hal_msp.o
 .debug_frame   0x000006e4      0x104 ./Core/Src/stm32f4xx_it.o
 .debug_frame   0x000007e8       0x34 ./Core/Src/sysmem.o
 .debug_frame   0x0000081c       0x58 ./Core/Src/system_stm32f4xx.o
 .debug_frame   0x00000874      0x374 ./Drivers/STM32F4xx_HAL_Driver/Src/stm32f4xx_hal.o
 .debug_frame   0x00000be8      0x508 ./Drivers/STM32F4xx_HAL_Driver/Src/stm32f4xx_hal_cortex.o
 .debug_frame   0x000010f0      0x250 ./Drivers/STM32F4xx_HAL_Driver/Src/stm32f4xx_hal_dma.o
 .debug_frame   0x00001340      0x14c ./Drivers/STM32F4xx_HAL_Driver/Src/stm32f4xx_hal_gpio.o
 .debug_frame   0x0000148c      0x1f4 ./Drivers/STM32F4xx_HAL_Driver/Src/stm32f4xx_hal_rcc.o
 .debug_frame   0x00001680     0x11b8 ./Drivers/STM32F4xx_HAL_Driver/Src/stm32f4xx_hal_tim.o
 .debug_frame   0x00002838      0x638 ./Drivers/STM32F4xx_HAL_Driver/Src/stm32f4xx_hal_tim_ex.o
 .debug_frame   0x00002e70      0x954 ./Drivers/STM32F4xx_HAL_Driver/Src/stm32f4xx_hal_uart.o
 .debug_frame   0x000037c4      0x144 C:/ST/STM32CubeIDE_1.18.0/STM32CubeIDE/plugins/com.st.stm32cube.ide.mcu.externaltools.gnu-tools-for-stm32.13.3.rel1.win32_1.0.0.202411081344/tools/bin/../lib/gcc/arm-none-eabi/13.3.1/../../../../arm-none-eabi/lib/thumb/v7e-m+fp/hard\libc_nano.a(libc_a-findfp.o)
 .debug_frame   0x00003908       0x4c C:/ST/STM32CubeIDE_1.18.0/STM32CubeIDE/plugins/com.st.stm32cube.ide.mcu.externaltools.gnu-tools-for-stm32.13.3.rel1.win32_1.0.0.202411081344/tools/bin/../lib/gcc/arm-none-eabi/13.3.1/../../../../arm-none-eabi/lib/thumb/v7e-m+fp/hard\libc_nano.a(libc_a-vsnprintf.o)
 .debug_frame   0x00003954       0x20 C:/ST/STM32CubeIDE_1.18.0/STM32CubeIDE/plugins/com.st.stm32cube.ide.mcu.externaltools.gnu-tools-for-stm32.13.3.rel1.win32_1.0.0.202411081344/tools/bin/../lib/gcc/arm-none-eabi/13.3.1/../../../../arm-none-eabi/lib/thumb/v7e-m+fp/hard\libc_nano.a(libc_a-memset.o)
 .debug_frame   0x00003974       0x38 C:/ST/STM32CubeIDE_1.18.0/STM32CubeIDE/plugins/com.st.stm32cube.ide.mcu.externaltools.gnu-tools-for-stm32.13.3.rel1.win32_1.0.0.202411081344/tools/bin/../lib/gcc/arm-none-eabi/13.3.1/../../../../arm-none-eabi/lib/thumb/v7e-m+fp/hard\libc_nano.a(libc_a-reent.o)
 .debug_frame   0x000039ac       0x20 C:/ST/STM32CubeIDE_1.18.0/STM32CubeIDE/plugins/com.st.stm32cube.ide.mcu.externaltools.gnu-tools-for-stm32.13.3.rel1.win32_1.0.0.202411081344/tools/bin/../lib/gcc/arm-none-eabi/13.3.1/../../../../arm-none-eabi/lib/thumb/v7e-m+fp/hard\libc_nano.a(libc_a-errno.o)
 .debug_frame   0x000039cc       0x2c C:/ST/STM32CubeIDE_1.18.0/STM32CubeIDE/plugins/com.st.stm32cube.ide.mcu.externaltools.gnu-tools-for-stm32.13.3.rel1.win32_1.0.0.202411081344/tools/bin/../lib/gcc/arm-none-eabi/13.3.1/../../../../arm-none-eabi/lib/thumb/v7e-m+fp/hard\libc_nano.a(libc_a-init.o)
 .debug_frame   0x000039f8       0xb0 C:/ST/STM32CubeIDE_1.18.0/STM32CubeIDE/plugins/com.st.stm32cube.ide.mcu.externaltools.gnu-tools-for-stm32.13.3.rel1.win32_1.0.0.202411081344/tools/bin/../lib/gcc/arm-none-eabi/13.3.1/../../../../arm-none-eabi/lib/thumb/v7e-m+fp/hard\libc_nano.a(libc_a-lock.o)
 .debug_frame   0x00003aa8       0x38 C:/ST/STM32CubeIDE_1.18.0/STM32CubeIDE/plugins/com.st.stm32cube.ide.mcu.externaltools.gnu-tools-for-stm32.13.3.rel1.win32_1.0.0.202411081344/tools/bin/../lib/gcc/arm-none-eabi/13.3.1/../../../../arm-none-eabi/lib/thumb/v7e-m+fp/hard\libc_nano.a(libc_a-freer.o)
 .debug_frame   0x00003ae0       0x50 C:/ST/STM32CubeIDE_1.18.0/STM32CubeIDE/plugins/com.st.stm32cube.ide.mcu.externaltools.gnu-tools-for-stm32.13.3.rel1.win32_1.0.0.202411081344/tools/bin/../lib/gcc/arm-none-eabi/13.3.1/../../../../arm-none-eabi/lib/thumb/v7e-m+fp/hard\libc_nano.a(libc_a-mallocr.o)
 .debug_frame   0x00003b30       0x30 C:/ST/STM32CubeIDE_1.18.0/STM32CubeIDE/plugins/com.st.stm32cube.ide.mcu.externaltools.gnu-tools-for-stm32.13.3.rel1.win32_1.0.0.202411081344/tools/bin/../lib/gcc/arm-none-eabi/13.3.1/../../../../arm-none-eabi/lib/thumb/v7e-m+fp/hard\libc_nano.a(libc_a-mlock.o)
 .debug_frame   0x00003b60       0x90 C:/ST/STM32CubeIDE_1.18.0/STM32CubeIDE/plugins/com.st.stm32cube.ide.mcu.externaltools.gnu-tools-for-stm32.13.3.rel1.win32_1.0.0.202411081344/tools/bin/../lib/gcc/arm-none-eabi/13.3.1/../../../../arm-none-eabi/lib/thumb/v7e-m+fp/hard\libc_nano.a(libc_a-nano-svfprintf.o)
 .debug_frame   0x00003bf0       0x60 C:/ST/STM32CubeIDE_1.18.0/STM32CubeIDE/plugins/com.st.stm32cube.ide.mcu.externaltools.gnu-tools-for-stm32.13.3.rel1.win32_1.0.0.202411081344/tools/bin/../lib/gcc/arm-none-eabi/13.3.1/../../../../arm-none-eabi/lib/thumb/v7e-m+fp/hard\libc_nano.a(libc_a-nano-vfprintf_i.o)
 .debug_frame   0x00003c50       0x28 C:/ST/STM32CubeIDE_1.18.0/STM32CubeIDE/plugins/com.st.stm32cube.ide.mcu.externaltools.gnu-tools-for-stm32.13.3.rel1.win32_1.0.0.202411081344/tools/bin/../lib/gcc/arm-none-eabi/13.3.1/../../../../arm-none-eabi/lib/thumb/v7e-m+fp/hard\libc_nano.a(libc_a-memmove.o)
 .debug_frame   0x00003c78       0x2c C:/ST/STM32CubeIDE_1.18.0/STM32CubeIDE/plugins/com.st.stm32cube.ide.mcu.externaltools.gnu-tools-for-stm32.13.3.rel1.win32_1.0.0.202411081344/tools/bin/../lib/gcc/arm-none-eabi/13.3.1/../../../../arm-none-eabi/lib/thumb/v7e-m+fp/hard\libc_nano.a(libc_a-sbrkr.o)
 .debug_frame   0x00003ca4       0x28 C:/ST/STM32CubeIDE_1.18.0/STM32CubeIDE/plugins/com.st.stm32cube.ide.mcu.externaltools.gnu-tools-for-stm32.13.3.rel1.win32_1.0.0.202411081344/tools/bin/../lib/gcc/arm-none-eabi/13.3.1/../../../../arm-none-eabi/lib/thumb/v7e-m+fp/hard\libc_nano.a(libc_a-memcpy-stub.o)
 .debug_frame   0x00003ccc       0x3c C:/ST/STM32CubeIDE_1.18.0/STM32CubeIDE/plugins/com.st.stm32cube.ide.mcu.externaltools.gnu-tools-for-stm32.13.3.rel1.win32_1.0.0.202411081344/tools/bin/../lib/gcc/arm-none-eabi/13.3.1/../../../../arm-none-eabi/lib/thumb/v7e-m+fp/hard\libc_nano.a(libc_a-reallocr.o)
 .debug_frame   0x00003d08       0x20 C:/ST/STM32CubeIDE_1.18.0/STM32CubeIDE/plugins/com.st.stm32cube.ide.mcu.externaltools.gnu-tools-for-stm32.13.3.rel1.win32_1.0.0.202411081344/tools/bin/../lib/gcc/arm-none-eabi/13.3.1/../../../../arm-none-eabi/lib/thumb/v7e-m+fp/hard\libc_nano.a(libc_a-msizer.o)
 .debug_frame   0x00003d28       0x2c C:/ST/STM32CubeIDE_1.18.0/STM32CubeIDE/plugins/com.st.stm32cube.ide.mcu.externaltools.gnu-tools-for-stm32.13.3.rel1.win32_1.0.0.202411081344/tools/bin/../lib/gcc/arm-none-eabi/13.3.1/thumb/v7e-m+fp/hard\libgcc.a(_aeabi_uldivmod.o)
 .debug_frame   0x00003d54       0x34 C:/ST/STM32CubeIDE_1.18.0/STM32CubeIDE/plugins/com.st.stm32cube.ide.mcu.externaltools.gnu-tools-for-stm32.13.3.rel1.win32_1.0.0.202411081344/tools/bin/../lib/gcc/arm-none-eabi/13.3.1/thumb/v7e-m+fp/hard\libgcc.a(_udivmoddi4.o)

.debug_line_str
                0x00000000       0x6d
 .debug_line_str
                0x00000000       0x6d ./Core/Startup/startup_stm32f411ceux.o
