13:07:34 **** Incremental Build of configuration Debug for project f411ceu6_petbot_servo ****
make -j24 all 
arm-none-eabi-gcc "../App/src/ap.c" -mcpu=cortex-m4 -std=gnu11 -g3 -DDEBUG -DUSE_HAL_DRIVER -DSTM32F411xE -c -I../Core/Inc -I../Drivers/STM32F4xx_HAL_Driver/Inc -I../Drivers/STM32F4xx_HAL_Driver/Inc/Legacy -I../Drivers/CMSIS/Device/ST/STM32F4xx/Include -I../Drivers/CMSIS/Include -I"D:/GBdevelop/Workspace/stm32_ws/f411ceu6/f411ceu6_petbot_servo/App" -I"D:/GBdevelop/Workspace/stm32_ws/f411ceu6/f411ceu6_petbot_servo/App/include" -O0 -ffunction-sections -fdata-sections -Wall -fstack-usage -fcyclomatic-complexity -MMD -MP -MF"App/src/ap.d" -MT"App/src/ap.o" --specs=nano.specs -mfpu=fpv4-sp-d16 -mfloat-abi=hard -mthumb -o "App/src/ap.o"
../App/src/ap.c: In function 'apInit':
../App/src/ap.c:26:9: warning: implicit declaration of function 'uartInit'; did you mean 'apInit'? [-Wimplicit-function-declaration]
   26 |         uartInit();
      |         ^~~~~~~~
      |         apInit
../App/src/ap.c:35:5: warning: implicit declaration of function 'gpioWrite' [-Wimplicit-function-declaration]
   35 |     gpioWrite(_GPIO_CH0, false);
      |     ^~~~~~~~~
../App/src/ap.c: In function 'apMain':
../App/src/ap.c:42:9: warning: implicit declaration of function 'uartPrintf' [-Wimplicit-function-declaration]
   42 |         uartPrintf(_UART_CH2,"123");
      |         ^~~~~~~~~~
../App/src/ap.c:75:24: warning: implicit declaration of function 'gpioRead' [-Wimplicit-function-declaration]
   75 |         bool pressed = gpioRead(_GPIO_CH5);
      |                        ^~~~~~~~
arm-none-eabi-gcc -o "f411ceu6_petbot_servo.elf" @"objects.list"   -mcpu=cortex-m4 -T"D:\GBdevelop\Workspace\stm32_ws\f411ceu6\f411ceu6_petbot_servo\STM32F411CEUX_FLASH.ld" --specs=nosys.specs -Wl,-Map="f411ceu6_petbot_servo.map" -Wl,--gc-sections -static --specs=nano.specs -mfpu=fpv4-sp-d16 -mfloat-abi=hard -mthumb -Wl,--start-group -lc -lm -Wl,--end-group
Finished building target: f411ceu6_petbot_servo.elf
 
arm-none-eabi-size  f411ceu6_petbot_servo.elf 
arm-none-eabi-objdump -h -S f411ceu6_petbot_servo.elf  > "f411ceu6_petbot_servo.list"
   text	   data	    bss	    dec	    hex	filename
  17776	     92	   2788	  20656	   50b0	f411ceu6_petbot_servo.elf
arm-none-eabi-objcopy  -O ihex f411ceu6_petbot_servo.elf  "f411ceu6_petbot_servo.hex"
Finished building: default.size.stdout
arm-none-eabi-objcopy  -O binary f411ceu6_petbot_servo.elf  "f411ceu6_petbot_servo.bin"
 
Finished building: f411ceu6_petbot_servo.hex
Finished building: f411ceu6_petbot_servo.bin
Finished building: f411ceu6_petbot_servo.list
 
 
 

13:07:35 Build Finished. 0 errors, 4 warnings. (took 899ms)

