12:00:07 **** Incremental Build of configuration Debug for project f411ceu6_petbot_servo ****
make -j24 all 
arm-none-eabi-gcc -o "f411ceu6_petbot_servo.elf" @"objects.list"   -mcpu=cortex-m4 -T"D:\GBdevelop\Workspace\stm32_ws\f411ceu6\f411ceu6_petbot_servo\STM32F411CEUX_FLASH.ld" --specs=nosys.specs -Wl,-Map="f411ceu6_petbot_servo.map" -Wl,--gc-sections -static --specs=nano.specs -mfpu=fpv4-sp-d16 -mfloat-abi=hard -mthumb -Wl,--start-group -lc -lm -Wl,--end-group
Finished building target: f411ceu6_petbot_servo.elf
 
arm-none-eabi-size  f411ceu6_petbot_servo.elf 
arm-none-eabi-objdump -h -S f411ceu6_petbot_servo.elf  > "f411ceu6_petbot_servo.list"
   text	   data	    bss	    dec	    hex	filename
  10584	     12	   1788	  12384	   3060	f411ceu6_petbot_servo.elf
arm-none-eabi-objcopy  -O ihex f411ceu6_petbot_servo.elf  "f411ceu6_petbot_servo.hex"
arm-none-eabi-objcopy  -O binary f411ceu6_petbot_servo.elf  "f411ceu6_petbot_servo.bin"
Finished building: default.size.stdout
 
Finished building: f411ceu6_petbot_servo.list
 
Finished building: f411ceu6_petbot_servo.bin
Finished building: f411ceu6_petbot_servo.hex
 
 
